# name: test_get_power_type
  <class 'dict'> {
    '_links': <class 'dict'> {
      'self': <class 'dict'> {
        'href': 'https://us.api.blizzard.com/data/wow/power-type/0?namespace=static-8.3.0_32861-us',
      },
    },
    'id': 0,
    'name': 'Mana',
  }
---
# name: test_get_power_types_index
  <class 'dict'> {
    '_links': <class 'dict'> {
      'self': <class 'dict'> {
        'href': 'https://us.api.blizzard.com/data/wow/power-type/?namespace=static-8.3.0_32861-us',
      },
    },
    'power_types': <class 'list'> [
      <class 'dict'> {
        'id': 0,
        'key': <class 'dict'> {
          'href': 'https://us.api.blizzard.com/data/wow/power-type/0?namespace=static-8.3.0_32861-us',
        },
        'name': 'Mana',
      },
      <class 'dict'> {
        'id': 1,
        'key': <class 'dict'> {
          'href': 'https://us.api.blizzard.com/data/wow/power-type/1?namespace=static-8.3.0_32861-us',
        },
        'name': 'Rage',
      },
      <class 'dict'> {
        'id': 2,
        'key': <class 'dict'> {
          'href': 'https://us.api.blizzard.com/data/wow/power-type/2?namespace=static-8.3.0_32861-us',
        },
        'name': 'Focus',
      },
      <class 'dict'> {
        'id': 3,
        'key': <class 'dict'> {
          'href': 'https://us.api.blizzard.com/data/wow/power-type/3?namespace=static-8.3.0_32861-us',
        },
        'name': 'Energy',
      },
      <class 'dict'> {
        'id': 4,
        'key': <class 'dict'> {
          'href': 'https://us.api.blizzard.com/data/wow/power-type/4?namespace=static-8.3.0_32861-us',
        },
        'name': 'Combo Points',
      },
      <class 'dict'> {
        'id': 5,
        'key': <class 'dict'> {
          'href': 'https://us.api.blizzard.com/data/wow/power-type/5?namespace=static-8.3.0_32861-us',
        },
        'name': 'Runes',
      },
      <class 'dict'> {
        'id': 6,
        'key': <class 'dict'> {
          'href': 'https://us.api.blizzard.com/data/wow/power-type/6?namespace=static-8.3.0_32861-us',
        },
        'name': 'Runic Power',
      },
      <class 'dict'> {
        'id': 7,
        'key': <class 'dict'> {
          'href': 'https://us.api.blizzard.com/data/wow/power-type/7?namespace=static-8.3.0_32861-us',
        },
        'name': 'Soul Shards',
      },
      <class 'dict'> {
        'id': 8,
        'key': <class 'dict'> {
          'href': 'https://us.api.blizzard.com/data/wow/power-type/8?namespace=static-8.3.0_32861-us',
        },
        'name': 'Lunar Power',
      },
      <class 'dict'> {
        'id': 9,
        'key': <class 'dict'> {
          'href': 'https://us.api.blizzard.com/data/wow/power-type/9?namespace=static-8.3.0_32861-us',
        },
        'name': 'Holy Power',
      },
      <class 'dict'> {
        'id': 10,
        'key': <class 'dict'> {
          'href': 'https://us.api.blizzard.com/data/wow/power-type/10?namespace=static-8.3.0_32861-us',
        },
        'name': 'Alternate',
      },
      <class 'dict'> {
        'id': 11,
        'key': <class 'dict'> {
          'href': 'https://us.api.blizzard.com/data/wow/power-type/11?namespace=static-8.3.0_32861-us',
        },
        'name': 'Maelstrom',
      },
      <class 'dict'> {
        'id': 12,
        'key': <class 'dict'> {
          'href': 'https://us.api.blizzard.com/data/wow/power-type/12?namespace=static-8.3.0_32861-us',
        },
        'name': 'Chi',
      },
      <class 'dict'> {
        'id': 16,
        'key': <class 'dict'> {
          'href': 'https://us.api.blizzard.com/data/wow/power-type/16?namespace=static-8.3.0_32861-us',
        },
        'name': 'Arcane Charges',
      },
      <class 'dict'> {
        'id': 17,
        'key': <class 'dict'> {
          'href': 'https://us.api.blizzard.com/data/wow/power-type/17?namespace=static-8.3.0_32861-us',
        },
        'name': 'Fury',
      },
      <class 'dict'> {
        'id': 18,
        'key': <class 'dict'> {
          'href': 'https://us.api.blizzard.com/data/wow/power-type/18?namespace=static-8.3.0_32861-us',
        },
        'name': 'Pain',
      },
      <class 'dict'> {
        'id': 13,
        'key': <class 'dict'> {
          'href': 'https://us.api.blizzard.com/data/wow/power-type/13?namespace=static-8.3.0_32861-us',
        },
        'name': 'Insanity',
      },
    ],
  }
---
