# name: test_get_mythic_keystone_dungeon
  <class 'dict'> {
    '_links': <class 'dict'> {
      'self': <class 'dict'> {
        'href': 'https://us.api.blizzard.com/data/wow/mythic-keystone/dungeon/353?namespace=dynamic-us',
      },
    },
    'dungeon': <class 'dict'> {
      'id': 1023,
      'key': <class 'dict'> {
        'href': 'https://us.api.blizzard.com/data/wow/journal-instance/1023?namespace=static-8.3.0_32861-us',
      },
      'name': 'Siege of Boralus',
    },
    'id': 353,
    'keystone_upgrades': <class 'list'> [
      <class 'dict'> {
        'qualifying_duration': 2160000,
        'upgrade_level': 1,
      },
      <class 'dict'> {
        'qualifying_duration': 1728000,
        'upgrade_level': 2,
      },
      <class 'dict'> {
        'qualifying_duration': 1296000,
        'upgrade_level': 3,
      },
    ],
    'map': <class 'dict'> {
      'id': 1822,
      'name': 'Siege of Boralus',
    },
    'name': 'Siege of Boralus',
    'zone': <class 'dict'> {
      'slug': 'siege-of-boralus',
    },
  }
---
# name: test_get_mythic_keystone_dungeons_index
  <class 'dict'> {
    '_links': <class 'dict'> {
      'self': <class 'dict'> {
        'href': 'https://us.api.blizzard.com/data/wow/mythic-keystone/dungeon/?namespace=dynamic-us',
      },
    },
    'dungeons': <class 'list'> [
      <class 'dict'> {
        'id': 244,
        'key': <class 'dict'> {
          'href': 'https://us.api.blizzard.com/data/wow/mythic-keystone/dungeon/244?namespace=dynamic-us',
        },
        'name': "Atal'Dazar",
      },
      <class 'dict'> {
        'id': 245,
        'key': <class 'dict'> {
          'href': 'https://us.api.blizzard.com/data/wow/mythic-keystone/dungeon/245?namespace=dynamic-us',
        },
        'name': 'Freehold',
      },
      <class 'dict'> {
        'id': 246,
        'key': <class 'dict'> {
          'href': 'https://us.api.blizzard.com/data/wow/mythic-keystone/dungeon/246?namespace=dynamic-us',
        },
        'name': 'Tol Dagor',
      },
      <class 'dict'> {
        'id': 247,
        'key': <class 'dict'> {
          'href': 'https://us.api.blizzard.com/data/wow/mythic-keystone/dungeon/247?namespace=dynamic-us',
        },
        'name': 'The MOTHERLODE!!',
      },
      <class 'dict'> {
        'id': 248,
        'key': <class 'dict'> {
          'href': 'https://us.api.blizzard.com/data/wow/mythic-keystone/dungeon/248?namespace=dynamic-us',
        },
        'name': 'Waycrest Manor',
      },
      <class 'dict'> {
        'id': 249,
        'key': <class 'dict'> {
          'href': 'https://us.api.blizzard.com/data/wow/mythic-keystone/dungeon/249?namespace=dynamic-us',
        },
        'name': "Kings' Rest",
      },
      <class 'dict'> {
        'id': 250,
        'key': <class 'dict'> {
          'href': 'https://us.api.blizzard.com/data/wow/mythic-keystone/dungeon/250?namespace=dynamic-us',
        },
        'name': 'Temple of Sethraliss',
      },
      <class 'dict'> {
        'id': 251,
        'key': <class 'dict'> {
          'href': 'https://us.api.blizzard.com/data/wow/mythic-keystone/dungeon/251?namespace=dynamic-us',
        },
        'name': 'The Underrot',
      },
      <class 'dict'> {
        'id': 252,
        'key': <class 'dict'> {
          'href': 'https://us.api.blizzard.com/data/wow/mythic-keystone/dungeon/252?namespace=dynamic-us',
        },
        'name': 'Shrine of the Storm',
      },
      <class 'dict'> {
        'id': 353,
        'key': <class 'dict'> {
          'href': 'https://us.api.blizzard.com/data/wow/mythic-keystone/dungeon/353?namespace=dynamic-us',
        },
        'name': 'Siege of Boralus',
      },
      <class 'dict'> {
        'id': 369,
        'key': <class 'dict'> {
          'href': 'https://us.api.blizzard.com/data/wow/mythic-keystone/dungeon/369?namespace=dynamic-us',
        },
        'name': 'Operation: Mechagon - Junkyard',
      },
      <class 'dict'> {
        'id': 370,
        'key': <class 'dict'> {
          'href': 'https://us.api.blizzard.com/data/wow/mythic-keystone/dungeon/370?namespace=dynamic-us',
        },
        'name': 'Operation: Mechagon - Workshop',
      },
    ],
  }
---
# name: test_get_mythic_keystone_index
  <class 'dict'> {
    '_links': <class 'dict'> {
      'self': <class 'dict'> {
        'href': 'https://us.api.blizzard.com/data/wow/mythic-keystone/?namespace=dynamic-us',
      },
    },
    'dungeons': <class 'dict'> {
      'href': 'https://us.api.blizzard.com/data/wow/mythic-keystone/dungeon/?namespace=dynamic-us',
    },
    'seasons': <class 'dict'> {
      'href': 'https://us.api.blizzard.com/data/wow/mythic-keystone/season/?namespace=dynamic-us',
    },
  }
---
# name: test_get_mythic_keystone_period
  <class 'dict'> {
    '_links': <class 'dict'> {
      'self': <class 'dict'> {
        'href': 'https://us.api.blizzard.com/data/wow/mythic-keystone/period/641?namespace=dynamic-us',
      },
    },
    'end_timestamp': 1523977199000,
    'id': 641,
    'start_timestamp': 1523372400000,
  }
---
# name: test_get_mythic_keystone_season
  <class 'dict'> {
    '_links': <class 'dict'> {
      'self': <class 'dict'> {
        'href': 'https://us.api.blizzard.com/data/wow/mythic-keystone/season/1?namespace=dynamic-us',
      },
    },
    'end_timestamp': 1548169200000,
    'id': 1,
    'periods': <class 'list'> [
      <class 'dict'> {
        'id': 661,
        'key': <class 'dict'> {
          'href': 'https://us.api.blizzard.com/data/wow/mythic-keystone/period/661?namespace=dynamic-us',
        },
      },
      <class 'dict'> {
        'id': 662,
        'key': <class 'dict'> {
          'href': 'https://us.api.blizzard.com/data/wow/mythic-keystone/period/662?namespace=dynamic-us',
        },
      },
      <class 'dict'> {
        'id': 663,
        'key': <class 'dict'> {
          'href': 'https://us.api.blizzard.com/data/wow/mythic-keystone/period/663?namespace=dynamic-us',
        },
      },
      <class 'dict'> {
        'id': 664,
        'key': <class 'dict'> {
          'href': 'https://us.api.blizzard.com/data/wow/mythic-keystone/period/664?namespace=dynamic-us',
        },
      },
      <class 'dict'> {
        'id': 665,
        'key': <class 'dict'> {
          'href': 'https://us.api.blizzard.com/data/wow/mythic-keystone/period/665?namespace=dynamic-us',
        },
      },
      <class 'dict'> {
        'id': 666,
        'key': <class 'dict'> {
          'href': 'https://us.api.blizzard.com/data/wow/mythic-keystone/period/666?namespace=dynamic-us',
        },
      },
      <class 'dict'> {
        'id': 667,
        'key': <class 'dict'> {
          'href': 'https://us.api.blizzard.com/data/wow/mythic-keystone/period/667?namespace=dynamic-us',
        },
      },
      <class 'dict'> {
        'id': 668,
        'key': <class 'dict'> {
          'href': 'https://us.api.blizzard.com/data/wow/mythic-keystone/period/668?namespace=dynamic-us',
        },
      },
      <class 'dict'> {
        'id': 669,
        'key': <class 'dict'> {
          'href': 'https://us.api.blizzard.com/data/wow/mythic-keystone/period/669?namespace=dynamic-us',
        },
      },
      <class 'dict'> {
        'id': 670,
        'key': <class 'dict'> {
          'href': 'https://us.api.blizzard.com/data/wow/mythic-keystone/period/670?namespace=dynamic-us',
        },
      },
      <class 'dict'> {
        'id': 671,
        'key': <class 'dict'> {
          'href': 'https://us.api.blizzard.com/data/wow/mythic-keystone/period/671?namespace=dynamic-us',
        },
      },
      <class 'dict'> {
        'id': 672,
        'key': <class 'dict'> {
          'href': 'https://us.api.blizzard.com/data/wow/mythic-keystone/period/672?namespace=dynamic-us',
        },
      },
      <class 'dict'> {
        'id': 673,
        'key': <class 'dict'> {
          'href': 'https://us.api.blizzard.com/data/wow/mythic-keystone/period/673?namespace=dynamic-us',
        },
      },
      <class 'dict'> {
        'id': 674,
        'key': <class 'dict'> {
          'href': 'https://us.api.blizzard.com/data/wow/mythic-keystone/period/674?namespace=dynamic-us',
        },
      },
      <class 'dict'> {
        'id': 675,
        'key': <class 'dict'> {
          'href': 'https://us.api.blizzard.com/data/wow/mythic-keystone/period/675?namespace=dynamic-us',
        },
      },
      <class 'dict'> {
        'id': 676,
        'key': <class 'dict'> {
          'href': 'https://us.api.blizzard.com/data/wow/mythic-keystone/period/676?namespace=dynamic-us',
        },
      },
      <class 'dict'> {
        'id': 677,
        'key': <class 'dict'> {
          'href': 'https://us.api.blizzard.com/data/wow/mythic-keystone/period/677?namespace=dynamic-us',
        },
      },
      <class 'dict'> {
        'id': 678,
        'key': <class 'dict'> {
          'href': 'https://us.api.blizzard.com/data/wow/mythic-keystone/period/678?namespace=dynamic-us',
        },
      },
      <class 'dict'> {
        'id': 679,
        'key': <class 'dict'> {
          'href': 'https://us.api.blizzard.com/data/wow/mythic-keystone/period/679?namespace=dynamic-us',
        },
      },
      <class 'dict'> {
        'id': 680,
        'key': <class 'dict'> {
          'href': 'https://us.api.blizzard.com/data/wow/mythic-keystone/period/680?namespace=dynamic-us',
        },
      },
      <class 'dict'> {
        'id': 681,
        'key': <class 'dict'> {
          'href': 'https://us.api.blizzard.com/data/wow/mythic-keystone/period/681?namespace=dynamic-us',
        },
      },
    ],
    'start_timestamp': 1535500800000,
  }
---
# name: test_get_mythic_keystone_seasons_index
  <class 'dict'> {
    '_links': <class 'dict'> {
      'self': <class 'dict'> {
        'href': 'https://us.api.blizzard.com/data/wow/mythic-keystone/season/?namespace=dynamic-us',
      },
    },
    'current_season': <class 'dict'> {
      'id': 4,
      'key': <class 'dict'> {
        'href': 'https://us.api.blizzard.com/data/wow/mythic-keystone/season/4?namespace=dynamic-us',
      },
    },
    'seasons': <class 'list'> [
      <class 'dict'> {
        'id': 0,
        'key': <class 'dict'> {
          'href': 'https://us.api.blizzard.com/data/wow/mythic-keystone/season/0?namespace=dynamic-us',
        },
      },
      <class 'dict'> {
        'id': 1,
        'key': <class 'dict'> {
          'href': 'https://us.api.blizzard.com/data/wow/mythic-keystone/season/1?namespace=dynamic-us',
        },
      },
      <class 'dict'> {
        'id': 2,
        'key': <class 'dict'> {
          'href': 'https://us.api.blizzard.com/data/wow/mythic-keystone/season/2?namespace=dynamic-us',
        },
      },
      <class 'dict'> {
        'id': 3,
        'key': <class 'dict'> {
          'href': 'https://us.api.blizzard.com/data/wow/mythic-keystone/season/3?namespace=dynamic-us',
        },
      },
      <class 'dict'> {
        'id': 4,
        'key': <class 'dict'> {
          'href': 'https://us.api.blizzard.com/data/wow/mythic-keystone/season/4?namespace=dynamic-us',
        },
      },
    ],
  }
---
