# name: test_get_title
  <class 'dict'> {
    '_links': <class 'dict'> {
      'self': <class 'dict'> {
        'href': 'https://us.api.blizzard.com/data/wow/title/1?namespace=static-8.3.0_32861-us',
      },
    },
    'gender_name': <class 'dict'> {
      'female': 'Private {name}',
      'male': 'Private {name}',
    },
    'id': 1,
    'name': 'Private',
  }
---
# name: test_get_titles_index
  <class 'dict'> {
    '_links': <class 'dict'> {
      'self': <class 'dict'> {
        'href': 'https://us.api.blizzard.com/data/wow/title/?namespace=static-8.3.0_32861-us',
      },
    },
    'titles': <class 'list'> [
      <class 'dict'> {
        'id': 1,
        'key': <class 'dict'> {
          'href': 'https://us.api.blizzard.com/data/wow/title/1?namespace=static-8.3.0_32861-us',
        },
        'name': 'Private',
      },
      <class 'dict'> {
        'id': 2,
        'key': <class 'dict'> {
          'href': 'https://us.api.blizzard.com/data/wow/title/2?namespace=static-8.3.0_32861-us',
        },
        'name': 'Corporal',
      },
      <class 'dict'> {
        'id': 3,
        'key': <class 'dict'> {
          'href': 'https://us.api.blizzard.com/data/wow/title/3?namespace=static-8.3.0_32861-us',
        },
        'name': 'Sergeant',
      },
      <class 'dict'> {
        'id': 4,
        'key': <class 'dict'> {
          'href': 'https://us.api.blizzard.com/data/wow/title/4?namespace=static-8.3.0_32861-us',
        },
        'name': 'Master Sergeant',
      },
      <class 'dict'> {
        'id': 5,
        'key': <class 'dict'> {
          'href': 'https://us.api.blizzard.com/data/wow/title/5?namespace=static-8.3.0_32861-us',
        },
        'name': 'Sergeant Major',
      },
      <class 'dict'> {
        'id': 6,
        'key': <class 'dict'> {
          'href': 'https://us.api.blizzard.com/data/wow/title/6?namespace=static-8.3.0_32861-us',
        },
        'name': 'Knight',
      },
      <class 'dict'> {
        'id': 7,
        'key': <class 'dict'> {
          'href': 'https://us.api.blizzard.com/data/wow/title/7?namespace=static-8.3.0_32861-us',
        },
        'name': 'Knight-Lieutenant',
      },
      <class 'dict'> {
        'id': 8,
        'key': <class 'dict'> {
          'href': 'https://us.api.blizzard.com/data/wow/title/8?namespace=static-8.3.0_32861-us',
        },
        'name': 'Knight-Captain',
      },
      <class 'dict'> {
        'id': 9,
        'key': <class 'dict'> {
          'href': 'https://us.api.blizzard.com/data/wow/title/9?namespace=static-8.3.0_32861-us',
        },
        'name': 'Knight-Champion',
      },
      <class 'dict'> {
        'id': 10,
        'key': <class 'dict'> {
          'href': 'https://us.api.blizzard.com/data/wow/title/10?namespace=static-8.3.0_32861-us',
        },
        'name': 'Lieutenant Commander',
      },
      <class 'dict'> {
        'id': 11,
        'key': <class 'dict'> {
          'href': 'https://us.api.blizzard.com/data/wow/title/11?namespace=static-8.3.0_32861-us',
        },
        'name': 'Commander',
      },
      <class 'dict'> {
        'id': 12,
        'key': <class 'dict'> {
          'href': 'https://us.api.blizzard.com/data/wow/title/12?namespace=static-8.3.0_32861-us',
        },
        'name': 'Marshal',
      },
      <class 'dict'> {
        'id': 13,
        'key': <class 'dict'> {
          'href': 'https://us.api.blizzard.com/data/wow/title/13?namespace=static-8.3.0_32861-us',
        },
        'name': 'Field Marshal',
      },
      <class 'dict'> {
        'id': 14,
        'key': <class 'dict'> {
          'href': 'https://us.api.blizzard.com/data/wow/title/14?namespace=static-8.3.0_32861-us',
        },
        'name': 'Grand Marshal',
      },
      <class 'dict'> {
        'id': 15,
        'key': <class 'dict'> {
          'href': 'https://us.api.blizzard.com/data/wow/title/15?namespace=static-8.3.0_32861-us',
        },
        'name': 'Scout',
      },
      <class 'dict'> {
        'id': 16,
        'key': <class 'dict'> {
          'href': 'https://us.api.blizzard.com/data/wow/title/16?namespace=static-8.3.0_32861-us',
        },
        'name': 'Grunt',
      },
      <class 'dict'> {
        'id': 17,
        'key': <class 'dict'> {
          'href': 'https://us.api.blizzard.com/data/wow/title/17?namespace=static-8.3.0_32861-us',
        },
        'name': 'Sergeant',
      },
      <class 'dict'> {
        'id': 18,
        'key': <class 'dict'> {
          'href': 'https://us.api.blizzard.com/data/wow/title/18?namespace=static-8.3.0_32861-us',
        },
        'name': 'Senior Sergeant',
      },
      <class 'dict'> {
        'id': 19,
        'key': <class 'dict'> {
          'href': 'https://us.api.blizzard.com/data/wow/title/19?namespace=static-8.3.0_32861-us',
        },
        'name': 'First Sergeant',
      },
      <class 'dict'> {
        'id': 20,
        'key': <class 'dict'> {
          'href': 'https://us.api.blizzard.com/data/wow/title/20?namespace=static-8.3.0_32861-us',
        },
        'name': 'Stone Guard',
      },
      <class 'dict'> {
        'id': 21,
        'key': <class 'dict'> {
          'href': 'https://us.api.blizzard.com/data/wow/title/21?namespace=static-8.3.0_32861-us',
        },
        'name': 'Blood Guard',
      },
      <class 'dict'> {
        'id': 22,
        'key': <class 'dict'> {
          'href': 'https://us.api.blizzard.com/data/wow/title/22?namespace=static-8.3.0_32861-us',
        },
        'name': 'Legionnaire',
      },
      <class 'dict'> {
        'id': 23,
        'key': <class 'dict'> {
          'href': 'https://us.api.blizzard.com/data/wow/title/23?namespace=static-8.3.0_32861-us',
        },
        'name': 'Centurion',
      },
      <class 'dict'> {
        'id': 24,
        'key': <class 'dict'> {
          'href': 'https://us.api.blizzard.com/data/wow/title/24?namespace=static-8.3.0_32861-us',
        },
        'name': 'Champion',
      },
      <class 'dict'> {
        'id': 25,
        'key': <class 'dict'> {
          'href': 'https://us.api.blizzard.com/data/wow/title/25?namespace=static-8.3.0_32861-us',
        },
        'name': 'Lieutenant General',
      },
      <class 'dict'> {
        'id': 26,
        'key': <class 'dict'> {
          'href': 'https://us.api.blizzard.com/data/wow/title/26?namespace=static-8.3.0_32861-us',
        },
        'name': 'General',
      },
      <class 'dict'> {
        'id': 27,
        'key': <class 'dict'> {
          'href': 'https://us.api.blizzard.com/data/wow/title/27?namespace=static-8.3.0_32861-us',
        },
        'name': 'Warlord',
      },
      <class 'dict'> {
        'id': 28,
        'key': <class 'dict'> {
          'href': 'https://us.api.blizzard.com/data/wow/title/28?namespace=static-8.3.0_32861-us',
        },
        'name': 'High Warlord',
      },
      <class 'dict'> {
        'id': 29,
        'key': <class 'dict'> {
          'href': 'https://us.api.blizzard.com/data/wow/title/29?namespace=static-8.3.0_32861-us',
        },
        'name': 'Gladiator',
      },
      <class 'dict'> {
        'id': 30,
        'key': <class 'dict'> {
          'href': 'https://us.api.blizzard.com/data/wow/title/30?namespace=static-8.3.0_32861-us',
        },
        'name': 'Duelist',
      },
      <class 'dict'> {
        'id': 31,
        'key': <class 'dict'> {
          'href': 'https://us.api.blizzard.com/data/wow/title/31?namespace=static-8.3.0_32861-us',
        },
        'name': 'Rival',
      },
      <class 'dict'> {
        'id': 32,
        'key': <class 'dict'> {
          'href': 'https://us.api.blizzard.com/data/wow/title/32?namespace=static-8.3.0_32861-us',
        },
        'name': 'Challenger',
      },
      <class 'dict'> {
        'id': 33,
        'key': <class 'dict'> {
          'href': 'https://us.api.blizzard.com/data/wow/title/33?namespace=static-8.3.0_32861-us',
        },
        'name': 'Scarab Lord',
      },
      <class 'dict'> {
        'id': 34,
        'key': <class 'dict'> {
          'href': 'https://us.api.blizzard.com/data/wow/title/34?namespace=static-8.3.0_32861-us',
        },
        'name': 'Conqueror',
      },
      <class 'dict'> {
        'id': 35,
        'key': <class 'dict'> {
          'href': 'https://us.api.blizzard.com/data/wow/title/35?namespace=static-8.3.0_32861-us',
        },
        'name': 'Justicar',
      },
      <class 'dict'> {
        'id': 36,
        'key': <class 'dict'> {
          'href': 'https://us.api.blizzard.com/data/wow/title/36?namespace=static-8.3.0_32861-us',
        },
        'name': 'Champion of the Naaru',
      },
      <class 'dict'> {
        'id': 37,
        'key': <class 'dict'> {
          'href': 'https://us.api.blizzard.com/data/wow/title/37?namespace=static-8.3.0_32861-us',
        },
        'name': 'Merciless Gladiator',
      },
      <class 'dict'> {
        'id': 38,
        'key': <class 'dict'> {
          'href': 'https://us.api.blizzard.com/data/wow/title/38?namespace=static-8.3.0_32861-us',
        },
        'name': 'of the Shattered Sun',
      },
      <class 'dict'> {
        'id': 39,
        'key': <class 'dict'> {
          'href': 'https://us.api.blizzard.com/data/wow/title/39?namespace=static-8.3.0_32861-us',
        },
        'name': "Hand of A'dal",
      },
      <class 'dict'> {
        'id': 40,
        'key': <class 'dict'> {
          'href': 'https://us.api.blizzard.com/data/wow/title/40?namespace=static-8.3.0_32861-us',
        },
        'name': 'Vengeful Gladiator',
      },
      <class 'dict'> {
        'id': 41,
        'key': <class 'dict'> {
          'href': 'https://us.api.blizzard.com/data/wow/title/41?namespace=static-8.3.0_32861-us',
        },
        'name': 'Battlemaster',
      },
      <class 'dict'> {
        'id': 43,
        'key': <class 'dict'> {
          'href': 'https://us.api.blizzard.com/data/wow/title/43?namespace=static-8.3.0_32861-us',
        },
        'name': 'Elder',
      },
      <class 'dict'> {
        'id': 44,
        'key': <class 'dict'> {
          'href': 'https://us.api.blizzard.com/data/wow/title/44?namespace=static-8.3.0_32861-us',
        },
        'name': 'Flame Warden',
      },
      <class 'dict'> {
        'id': 45,
        'key': <class 'dict'> {
          'href': 'https://us.api.blizzard.com/data/wow/title/45?namespace=static-8.3.0_32861-us',
        },
        'name': 'Flame Keeper',
      },
      <class 'dict'> {
        'id': 46,
        'key': <class 'dict'> {
          'href': 'https://us.api.blizzard.com/data/wow/title/46?namespace=static-8.3.0_32861-us',
        },
        'name': 'the Exalted',
      },
      <class 'dict'> {
        'id': 47,
        'key': <class 'dict'> {
          'href': 'https://us.api.blizzard.com/data/wow/title/47?namespace=static-8.3.0_32861-us',
        },
        'name': 'the Explorer',
      },
      <class 'dict'> {
        'id': 48,
        'key': <class 'dict'> {
          'href': 'https://us.api.blizzard.com/data/wow/title/48?namespace=static-8.3.0_32861-us',
        },
        'name': 'the Diplomat',
      },
      <class 'dict'> {
        'id': 49,
        'key': <class 'dict'> {
          'href': 'https://us.api.blizzard.com/data/wow/title/49?namespace=static-8.3.0_32861-us',
        },
        'name': 'Brutal Gladiator',
      },
      <class 'dict'> {
        'id': 42,
        'key': <class 'dict'> {
          'href': 'https://us.api.blizzard.com/data/wow/title/42?namespace=static-8.3.0_32861-us',
        },
        'name': 'the Seeker',
      },
      <class 'dict'> {
        'id': 50,
        'key': <class 'dict'> {
          'href': 'https://us.api.blizzard.com/data/wow/title/50?namespace=static-8.3.0_32861-us',
        },
        'name': 'Arena Master',
      },
      <class 'dict'> {
        'id': 51,
        'key': <class 'dict'> {
          'href': 'https://us.api.blizzard.com/data/wow/title/51?namespace=static-8.3.0_32861-us',
        },
        'name': 'Salty',
      },
      <class 'dict'> {
        'id': 52,
        'key': <class 'dict'> {
          'href': 'https://us.api.blizzard.com/data/wow/title/52?namespace=static-8.3.0_32861-us',
        },
        'name': 'Chef',
      },
      <class 'dict'> {
        'id': 53,
        'key': <class 'dict'> {
          'href': 'https://us.api.blizzard.com/data/wow/title/53?namespace=static-8.3.0_32861-us',
        },
        'name': "Crashin' Thrashin'",
      },
      <class 'dict'> {
        'id': 59,
        'key': <class 'dict'> {
          'href': 'https://us.api.blizzard.com/data/wow/title/59?namespace=static-8.3.0_32861-us',
        },
        'name': 'Predator',
      },
      <class 'dict'> {
        'id': 61,
        'key': <class 'dict'> {
          'href': 'https://us.api.blizzard.com/data/wow/title/61?namespace=static-8.3.0_32861-us',
        },
        'name': 'Archmage',
      },
      <class 'dict'> {
        'id': 62,
        'key': <class 'dict'> {
          'href': 'https://us.api.blizzard.com/data/wow/title/62?namespace=static-8.3.0_32861-us',
        },
        'name': 'Battlelord',
      },
      <class 'dict'> {
        'id': 78,
        'key': <class 'dict'> {
          'href': 'https://us.api.blizzard.com/data/wow/title/78?namespace=static-8.3.0_32861-us',
        },
        'name': 'Combatant',
      },
      <class 'dict'> {
        'id': 79,
        'key': <class 'dict'> {
          'href': 'https://us.api.blizzard.com/data/wow/title/79?namespace=static-8.3.0_32861-us',
        },
        'name': 'Dread Gladiator',
      },
      <class 'dict'> {
        'id': 80,
        'key': <class 'dict'> {
          'href': 'https://us.api.blizzard.com/data/wow/title/80?namespace=static-8.3.0_32861-us',
        },
        'name': 'Sinister Gladiator',
      },
      <class 'dict'> {
        'id': 81,
        'key': <class 'dict'> {
          'href': 'https://us.api.blizzard.com/data/wow/title/81?namespace=static-8.3.0_32861-us',
        },
        'name': 'of Gnomeregan',
      },
      <class 'dict'> {
        'id': 88,
        'key': <class 'dict'> {
          'href': 'https://us.api.blizzard.com/data/wow/title/88?namespace=static-8.3.0_32861-us',
        },
        'name': 'the Magic Seeker',
      },
      <class 'dict'> {
        'id': 89,
        'key': <class 'dict'> {
          'href': 'https://us.api.blizzard.com/data/wow/title/89?namespace=static-8.3.0_32861-us',
        },
        'name': 'Twilight Vanquisher',
      },
      <class 'dict'> {
        'id': 90,
        'key': <class 'dict'> {
          'href': 'https://us.api.blizzard.com/data/wow/title/90?namespace=static-8.3.0_32861-us',
        },
        'name': 'Conqueror of Naxxramas',
      },
      <class 'dict'> {
        'id': 91,
        'key': <class 'dict'> {
          'href': 'https://us.api.blizzard.com/data/wow/title/91?namespace=static-8.3.0_32861-us',
        },
        'name': 'Hero of Northrend',
      },
      <class 'dict'> {
        'id': 92,
        'key': <class 'dict'> {
          'href': 'https://us.api.blizzard.com/data/wow/title/92?namespace=static-8.3.0_32861-us',
        },
        'name': 'the Hallowed',
      },
      <class 'dict'> {
        'id': 93,
        'key': <class 'dict'> {
          'href': 'https://us.api.blizzard.com/data/wow/title/93?namespace=static-8.3.0_32861-us',
        },
        'name': 'Loremaster',
      },
      <class 'dict'> {
        'id': 94,
        'key': <class 'dict'> {
          'href': 'https://us.api.blizzard.com/data/wow/title/94?namespace=static-8.3.0_32861-us',
        },
        'name': 'of the Alliance',
      },
      <class 'dict'> {
        'id': 95,
        'key': <class 'dict'> {
          'href': 'https://us.api.blizzard.com/data/wow/title/95?namespace=static-8.3.0_32861-us',
        },
        'name': 'of the Horde',
      },
      <class 'dict'> {
        'id': 97,
        'key': <class 'dict'> {
          'href': 'https://us.api.blizzard.com/data/wow/title/97?namespace=static-8.3.0_32861-us',
        },
        'name': 'Champion of the Frozen Wastes',
      },
      <class 'dict'> {
        'id': 98,
        'key': <class 'dict'> {
          'href': 'https://us.api.blizzard.com/data/wow/title/98?namespace=static-8.3.0_32861-us',
        },
        'name': 'Ambassador',
      },
      <class 'dict'> {
        'id': 99,
        'key': <class 'dict'> {
          'href': 'https://us.api.blizzard.com/data/wow/title/99?namespace=static-8.3.0_32861-us',
        },
        'name': 'the Argent Champion',
      },
      <class 'dict'> {
        'id': 100,
        'key': <class 'dict'> {
          'href': 'https://us.api.blizzard.com/data/wow/title/100?namespace=static-8.3.0_32861-us',
        },
        'name': 'Guardian of Cenarius',
      },
      <class 'dict'> {
        'id': 101,
        'key': <class 'dict'> {
          'href': 'https://us.api.blizzard.com/data/wow/title/101?namespace=static-8.3.0_32861-us',
        },
        'name': 'Brewmaster',
      },
      <class 'dict'> {
        'id': 102,
        'key': <class 'dict'> {
          'href': 'https://us.api.blizzard.com/data/wow/title/102?namespace=static-8.3.0_32861-us',
        },
        'name': 'Merrymaker',
      },
      <class 'dict'> {
        'id': 103,
        'key': <class 'dict'> {
          'href': 'https://us.api.blizzard.com/data/wow/title/103?namespace=static-8.3.0_32861-us',
        },
        'name': 'the Love Fool',
      },
      <class 'dict'> {
        'id': 104,
        'key': <class 'dict'> {
          'href': 'https://us.api.blizzard.com/data/wow/title/104?namespace=static-8.3.0_32861-us',
        },
        'name': 'Matron',
      },
      <class 'dict'> {
        'id': 105,
        'key': <class 'dict'> {
          'href': 'https://us.api.blizzard.com/data/wow/title/105?namespace=static-8.3.0_32861-us',
        },
        'name': 'Patron',
      },
      <class 'dict'> {
        'id': 106,
        'key': <class 'dict'> {
          'href': 'https://us.api.blizzard.com/data/wow/title/106?namespace=static-8.3.0_32861-us',
        },
        'name': 'Obsidian Slayer',
      },
      <class 'dict'> {
        'id': 107,
        'key': <class 'dict'> {
          'href': 'https://us.api.blizzard.com/data/wow/title/107?namespace=static-8.3.0_32861-us',
        },
        'name': 'of the Nightfall',
      },
      <class 'dict'> {
        'id': 108,
        'key': <class 'dict'> {
          'href': 'https://us.api.blizzard.com/data/wow/title/108?namespace=static-8.3.0_32861-us',
        },
        'name': 'the Immortal',
      },
      <class 'dict'> {
        'id': 109,
        'key': <class 'dict'> {
          'href': 'https://us.api.blizzard.com/data/wow/title/109?namespace=static-8.3.0_32861-us',
        },
        'name': 'the Undying',
      },
      <class 'dict'> {
        'id': 110,
        'key': <class 'dict'> {
          'href': 'https://us.api.blizzard.com/data/wow/title/110?namespace=static-8.3.0_32861-us',
        },
        'name': 'Jenkins',
      },
      <class 'dict'> {
        'id': 111,
        'key': <class 'dict'> {
          'href': 'https://us.api.blizzard.com/data/wow/title/111?namespace=static-8.3.0_32861-us',
        },
        'name': 'Bloodsail Admiral',
      },
      <class 'dict'> {
        'id': 112,
        'key': <class 'dict'> {
          'href': 'https://us.api.blizzard.com/data/wow/title/112?namespace=static-8.3.0_32861-us',
        },
        'name': 'the Insane',
      },
      <class 'dict'> {
        'id': 113,
        'key': <class 'dict'> {
          'href': 'https://us.api.blizzard.com/data/wow/title/113?namespace=static-8.3.0_32861-us',
        },
        'name': 'of the Exodar',
      },
      <class 'dict'> {
        'id': 114,
        'key': <class 'dict'> {
          'href': 'https://us.api.blizzard.com/data/wow/title/114?namespace=static-8.3.0_32861-us',
        },
        'name': 'of Darnassus',
      },
      <class 'dict'> {
        'id': 115,
        'key': <class 'dict'> {
          'href': 'https://us.api.blizzard.com/data/wow/title/115?namespace=static-8.3.0_32861-us',
        },
        'name': 'of Ironforge',
      },
      <class 'dict'> {
        'id': 116,
        'key': <class 'dict'> {
          'href': 'https://us.api.blizzard.com/data/wow/title/116?namespace=static-8.3.0_32861-us',
        },
        'name': 'of Stormwind',
      },
      <class 'dict'> {
        'id': 117,
        'key': <class 'dict'> {
          'href': 'https://us.api.blizzard.com/data/wow/title/117?namespace=static-8.3.0_32861-us',
        },
        'name': 'of Orgrimmar',
      },
      <class 'dict'> {
        'id': 118,
        'key': <class 'dict'> {
          'href': 'https://us.api.blizzard.com/data/wow/title/118?namespace=static-8.3.0_32861-us',
        },
        'name': "of Sen'jin",
      },
      <class 'dict'> {
        'id': 119,
        'key': <class 'dict'> {
          'href': 'https://us.api.blizzard.com/data/wow/title/119?namespace=static-8.3.0_32861-us',
        },
        'name': 'of Silvermoon',
      },
      <class 'dict'> {
        'id': 120,
        'key': <class 'dict'> {
          'href': 'https://us.api.blizzard.com/data/wow/title/120?namespace=static-8.3.0_32861-us',
        },
        'name': 'of Thunder Bluff',
      },
      <class 'dict'> {
        'id': 121,
        'key': <class 'dict'> {
          'href': 'https://us.api.blizzard.com/data/wow/title/121?namespace=static-8.3.0_32861-us',
        },
        'name': 'of the Undercity',
      },
      <class 'dict'> {
        'id': 122,
        'key': <class 'dict'> {
          'href': 'https://us.api.blizzard.com/data/wow/title/122?namespace=static-8.3.0_32861-us',
        },
        'name': 'the Noble',
      },
      <class 'dict'> {
        'id': 123,
        'key': <class 'dict'> {
          'href': 'https://us.api.blizzard.com/data/wow/title/123?namespace=static-8.3.0_32861-us',
        },
        'name': 'Crusader',
      },
      <class 'dict'> {
        'id': 56,
        'key': <class 'dict'> {
          'href': 'https://us.api.blizzard.com/data/wow/title/56?namespace=static-8.3.0_32861-us',
        },
        'name': 'Deadly Gladiator',
      },
      <class 'dict'> {
        'id': 124,
        'key': <class 'dict'> {
          'href': 'https://us.api.blizzard.com/data/wow/title/124?namespace=static-8.3.0_32861-us',
        },
        'name': "Death's Demise",
      },
      <class 'dict'> {
        'id': 125,
        'key': <class 'dict'> {
          'href': 'https://us.api.blizzard.com/data/wow/title/125?namespace=static-8.3.0_32861-us',
        },
        'name': 'the Celestial Defender',
      },
      <class 'dict'> {
        'id': 126,
        'key': <class 'dict'> {
          'href': 'https://us.api.blizzard.com/data/wow/title/126?namespace=static-8.3.0_32861-us',
        },
        'name': 'Conqueror of Ulduar',
      },
      <class 'dict'> {
        'id': 127,
        'key': <class 'dict'> {
          'href': 'https://us.api.blizzard.com/data/wow/title/127?namespace=static-8.3.0_32861-us',
        },
        'name': 'Champion of Ulduar',
      },
      <class 'dict'> {
        'id': 128,
        'key': <class 'dict'> {
          'href': 'https://us.api.blizzard.com/data/wow/title/128?namespace=static-8.3.0_32861-us',
        },
        'name': 'Vanquisher',
      },
      <class 'dict'> {
        'id': 129,
        'key': <class 'dict'> {
          'href': 'https://us.api.blizzard.com/data/wow/title/129?namespace=static-8.3.0_32861-us',
        },
        'name': 'Starcaller',
      },
      <class 'dict'> {
        'id': 130,
        'key': <class 'dict'> {
          'href': 'https://us.api.blizzard.com/data/wow/title/130?namespace=static-8.3.0_32861-us',
        },
        'name': 'the Astral Walker',
      },
      <class 'dict'> {
        'id': 131,
        'key': <class 'dict'> {
          'href': 'https://us.api.blizzard.com/data/wow/title/131?namespace=static-8.3.0_32861-us',
        },
        'name': 'Herald of the Titans',
      },
      <class 'dict'> {
        'id': 132,
        'key': <class 'dict'> {
          'href': 'https://us.api.blizzard.com/data/wow/title/132?namespace=static-8.3.0_32861-us',
        },
        'name': 'Furious Gladiator',
      },
      <class 'dict'> {
        'id': 133,
        'key': <class 'dict'> {
          'href': 'https://us.api.blizzard.com/data/wow/title/133?namespace=static-8.3.0_32861-us',
        },
        'name': 'the Pilgrim',
      },
      <class 'dict'> {
        'id': 134,
        'key': <class 'dict'> {
          'href': 'https://us.api.blizzard.com/data/wow/title/134?namespace=static-8.3.0_32861-us',
        },
        'name': 'Relentless Gladiator',
      },
      <class 'dict'> {
        'id': 135,
        'key': <class 'dict'> {
          'href': 'https://us.api.blizzard.com/data/wow/title/135?namespace=static-8.3.0_32861-us',
        },
        'name': 'Grand Crusader',
      },
      <class 'dict'> {
        'id': 136,
        'key': <class 'dict'> {
          'href': 'https://us.api.blizzard.com/data/wow/title/136?namespace=static-8.3.0_32861-us',
        },
        'name': 'the Argent Defender',
      },
      <class 'dict'> {
        'id': 137,
        'key': <class 'dict'> {
          'href': 'https://us.api.blizzard.com/data/wow/title/137?namespace=static-8.3.0_32861-us',
        },
        'name': 'the Patient',
      },
      <class 'dict'> {
        'id': 138,
        'key': <class 'dict'> {
          'href': 'https://us.api.blizzard.com/data/wow/title/138?namespace=static-8.3.0_32861-us',
        },
        'name': 'the Light of Dawn',
      },
      <class 'dict'> {
        'id': 139,
        'key': <class 'dict'> {
          'href': 'https://us.api.blizzard.com/data/wow/title/139?namespace=static-8.3.0_32861-us',
        },
        'name': 'Bane of the Fallen King',
      },
      <class 'dict'> {
        'id': 140,
        'key': <class 'dict'> {
          'href': 'https://us.api.blizzard.com/data/wow/title/140?namespace=static-8.3.0_32861-us',
        },
        'name': 'the Kingslayer',
      },
      <class 'dict'> {
        'id': 141,
        'key': <class 'dict'> {
          'href': 'https://us.api.blizzard.com/data/wow/title/141?namespace=static-8.3.0_32861-us',
        },
        'name': 'of the Ashen Verdict',
      },
      <class 'dict'> {
        'id': 142,
        'key': <class 'dict'> {
          'href': 'https://us.api.blizzard.com/data/wow/title/142?namespace=static-8.3.0_32861-us',
        },
        'name': 'Wrathful Gladiator',
      },
      <class 'dict'> {
        'id': 147,
        'key': <class 'dict'> {
          'href': 'https://us.api.blizzard.com/data/wow/title/147?namespace=static-8.3.0_32861-us',
        },
        'name': 'Slayer of Stupid, Incompetent and Disappointing Minions',
      },
      <class 'dict'> {
        'id': 148,
        'key': <class 'dict'> {
          'href': 'https://us.api.blizzard.com/data/wow/title/148?namespace=static-8.3.0_32861-us',
        },
        'name': 'Assistant Professor',
      },
      <class 'dict'> {
        'id': 149,
        'key': <class 'dict'> {
          'href': 'https://us.api.blizzard.com/data/wow/title/149?namespace=static-8.3.0_32861-us',
        },
        'name': 'Associate Professor',
      },
      <class 'dict'> {
        'id': 150,
        'key': <class 'dict'> {
          'href': 'https://us.api.blizzard.com/data/wow/title/150?namespace=static-8.3.0_32861-us',
        },
        'name': 'Professor',
      },
      <class 'dict'> {
        'id': 152,
        'key': <class 'dict'> {
          'href': 'https://us.api.blizzard.com/data/wow/title/152?namespace=static-8.3.0_32861-us',
        },
        'name': 'Veteran of the Alliance',
      },
      <class 'dict'> {
        'id': 153,
        'key': <class 'dict'> {
          'href': 'https://us.api.blizzard.com/data/wow/title/153?namespace=static-8.3.0_32861-us',
        },
        'name': 'Veteran of the Horde',
      },
      <class 'dict'> {
        'id': 154,
        'key': <class 'dict'> {
          'href': 'https://us.api.blizzard.com/data/wow/title/154?namespace=static-8.3.0_32861-us',
        },
        'name': 'Private',
      },
      <class 'dict'> {
        'id': 155,
        'key': <class 'dict'> {
          'href': 'https://us.api.blizzard.com/data/wow/title/155?namespace=static-8.3.0_32861-us',
        },
        'name': 'Corporal',
      },
      <class 'dict'> {
        'id': 156,
        'key': <class 'dict'> {
          'href': 'https://us.api.blizzard.com/data/wow/title/156?namespace=static-8.3.0_32861-us',
        },
        'name': 'Sergeant',
      },
      <class 'dict'> {
        'id': 157,
        'key': <class 'dict'> {
          'href': 'https://us.api.blizzard.com/data/wow/title/157?namespace=static-8.3.0_32861-us',
        },
        'name': 'Master Sergeant',
      },
      <class 'dict'> {
        'id': 158,
        'key': <class 'dict'> {
          'href': 'https://us.api.blizzard.com/data/wow/title/158?namespace=static-8.3.0_32861-us',
        },
        'name': 'Sergeant Major',
      },
      <class 'dict'> {
        'id': 159,
        'key': <class 'dict'> {
          'href': 'https://us.api.blizzard.com/data/wow/title/159?namespace=static-8.3.0_32861-us',
        },
        'name': 'Knight',
      },
      <class 'dict'> {
        'id': 160,
        'key': <class 'dict'> {
          'href': 'https://us.api.blizzard.com/data/wow/title/160?namespace=static-8.3.0_32861-us',
        },
        'name': 'Knight-Lieutenant',
      },
      <class 'dict'> {
        'id': 161,
        'key': <class 'dict'> {
          'href': 'https://us.api.blizzard.com/data/wow/title/161?namespace=static-8.3.0_32861-us',
        },
        'name': 'Knight-Captain',
      },
      <class 'dict'> {
        'id': 162,
        'key': <class 'dict'> {
          'href': 'https://us.api.blizzard.com/data/wow/title/162?namespace=static-8.3.0_32861-us',
        },
        'name': 'Knight-Champion',
      },
      <class 'dict'> {
        'id': 163,
        'key': <class 'dict'> {
          'href': 'https://us.api.blizzard.com/data/wow/title/163?namespace=static-8.3.0_32861-us',
        },
        'name': 'Lieutenant Commander',
      },
      <class 'dict'> {
        'id': 164,
        'key': <class 'dict'> {
          'href': 'https://us.api.blizzard.com/data/wow/title/164?namespace=static-8.3.0_32861-us',
        },
        'name': 'Commander',
      },
      <class 'dict'> {
        'id': 165,
        'key': <class 'dict'> {
          'href': 'https://us.api.blizzard.com/data/wow/title/165?namespace=static-8.3.0_32861-us',
        },
        'name': 'Marshal',
      },
      <class 'dict'> {
        'id': 166,
        'key': <class 'dict'> {
          'href': 'https://us.api.blizzard.com/data/wow/title/166?namespace=static-8.3.0_32861-us',
        },
        'name': 'Field Marshal',
      },
      <class 'dict'> {
        'id': 167,
        'key': <class 'dict'> {
          'href': 'https://us.api.blizzard.com/data/wow/title/167?namespace=static-8.3.0_32861-us',
        },
        'name': 'Grand Marshal',
      },
      <class 'dict'> {
        'id': 168,
        'key': <class 'dict'> {
          'href': 'https://us.api.blizzard.com/data/wow/title/168?namespace=static-8.3.0_32861-us',
        },
        'name': 'Scout',
      },
      <class 'dict'> {
        'id': 169,
        'key': <class 'dict'> {
          'href': 'https://us.api.blizzard.com/data/wow/title/169?namespace=static-8.3.0_32861-us',
        },
        'name': 'Grunt',
      },
      <class 'dict'> {
        'id': 170,
        'key': <class 'dict'> {
          'href': 'https://us.api.blizzard.com/data/wow/title/170?namespace=static-8.3.0_32861-us',
        },
        'name': 'Sergeant',
      },
      <class 'dict'> {
        'id': 171,
        'key': <class 'dict'> {
          'href': 'https://us.api.blizzard.com/data/wow/title/171?namespace=static-8.3.0_32861-us',
        },
        'name': 'Senior Sergeant',
      },
      <class 'dict'> {
        'id': 172,
        'key': <class 'dict'> {
          'href': 'https://us.api.blizzard.com/data/wow/title/172?namespace=static-8.3.0_32861-us',
        },
        'name': 'First Sergeant',
      },
      <class 'dict'> {
        'id': 173,
        'key': <class 'dict'> {
          'href': 'https://us.api.blizzard.com/data/wow/title/173?namespace=static-8.3.0_32861-us',
        },
        'name': 'Stone Guard',
      },
      <class 'dict'> {
        'id': 174,
        'key': <class 'dict'> {
          'href': 'https://us.api.blizzard.com/data/wow/title/174?namespace=static-8.3.0_32861-us',
        },
        'name': 'Blood Guard',
      },
      <class 'dict'> {
        'id': 175,
        'key': <class 'dict'> {
          'href': 'https://us.api.blizzard.com/data/wow/title/175?namespace=static-8.3.0_32861-us',
        },
        'name': 'Legionnaire',
      },
      <class 'dict'> {
        'id': 176,
        'key': <class 'dict'> {
          'href': 'https://us.api.blizzard.com/data/wow/title/176?namespace=static-8.3.0_32861-us',
        },
        'name': 'Centurion',
      },
      <class 'dict'> {
        'id': 177,
        'key': <class 'dict'> {
          'href': 'https://us.api.blizzard.com/data/wow/title/177?namespace=static-8.3.0_32861-us',
        },
        'name': 'Champion',
      },
      <class 'dict'> {
        'id': 178,
        'key': <class 'dict'> {
          'href': 'https://us.api.blizzard.com/data/wow/title/178?namespace=static-8.3.0_32861-us',
        },
        'name': 'Lieutenant General',
      },
      <class 'dict'> {
        'id': 179,
        'key': <class 'dict'> {
          'href': 'https://us.api.blizzard.com/data/wow/title/179?namespace=static-8.3.0_32861-us',
        },
        'name': 'General',
      },
      <class 'dict'> {
        'id': 180,
        'key': <class 'dict'> {
          'href': 'https://us.api.blizzard.com/data/wow/title/180?namespace=static-8.3.0_32861-us',
        },
        'name': 'Warlord',
      },
      <class 'dict'> {
        'id': 181,
        'key': <class 'dict'> {
          'href': 'https://us.api.blizzard.com/data/wow/title/181?namespace=static-8.3.0_32861-us',
        },
        'name': 'High Warlord',
      },
      <class 'dict'> {
        'id': 182,
        'key': <class 'dict'> {
          'href': 'https://us.api.blizzard.com/data/wow/title/182?namespace=static-8.3.0_32861-us',
        },
        'name': 'Hero of the Alliance',
      },
      <class 'dict'> {
        'id': 183,
        'key': <class 'dict'> {
          'href': 'https://us.api.blizzard.com/data/wow/title/183?namespace=static-8.3.0_32861-us',
        },
        'name': 'Hero of the Horde',
      },
      <class 'dict'> {
        'id': 184,
        'key': <class 'dict'> {
          'href': 'https://us.api.blizzard.com/data/wow/title/184?namespace=static-8.3.0_32861-us',
        },
        'name': 'the Bloodthirsty',
      },
      <class 'dict'> {
        'id': 151,
        'key': <class 'dict'> {
          'href': 'https://us.api.blizzard.com/data/wow/title/151?namespace=static-8.3.0_32861-us',
        },
        'name': 'of the Four Winds',
      },
      <class 'dict'> {
        'id': 185,
        'key': <class 'dict'> {
          'href': 'https://us.api.blizzard.com/data/wow/title/185?namespace=static-8.3.0_32861-us',
        },
        'name': 'Defender of a Shattered World',
      },
      <class 'dict'> {
        'id': 186,
        'key': <class 'dict'> {
          'href': 'https://us.api.blizzard.com/data/wow/title/186?namespace=static-8.3.0_32861-us',
        },
        'name': 'Dragonslayer',
      },
      <class 'dict'> {
        'id': 187,
        'key': <class 'dict'> {
          'href': 'https://us.api.blizzard.com/data/wow/title/187?namespace=static-8.3.0_32861-us',
        },
        'name': "Blackwing's Bane",
      },
      <class 'dict'> {
        'id': 143,
        'key': <class 'dict'> {
          'href': 'https://us.api.blizzard.com/data/wow/title/143?namespace=static-8.3.0_32861-us',
        },
        'name': 'the Camel-Hoarder',
      },
      <class 'dict'> {
        'id': 144,
        'key': <class 'dict'> {
          'href': 'https://us.api.blizzard.com/data/wow/title/144?namespace=static-8.3.0_32861-us',
        },
        'name': 'Warbringer',
      },
      <class 'dict'> {
        'id': 145,
        'key': <class 'dict'> {
          'href': 'https://us.api.blizzard.com/data/wow/title/145?namespace=static-8.3.0_32861-us',
        },
        'name': 'Warbound',
      },
      <class 'dict'> {
        'id': 146,
        'key': <class 'dict'> {
          'href': 'https://us.api.blizzard.com/data/wow/title/146?namespace=static-8.3.0_32861-us',
        },
        'name': 'Blessed Defender of Nordrassil',
      },
      <class 'dict'> {
        'id': 188,
        'key': <class 'dict'> {
          'href': 'https://us.api.blizzard.com/data/wow/title/188?namespace=static-8.3.0_32861-us',
        },
        'name': 'Avenger of Hyjal',
      },
      <class 'dict'> {
        'id': 189,
        'key': <class 'dict'> {
          'href': 'https://us.api.blizzard.com/data/wow/title/189?namespace=static-8.3.0_32861-us',
        },
        'name': 'the Flamebreaker',
      },
      <class 'dict'> {
        'id': 190,
        'key': <class 'dict'> {
          'href': 'https://us.api.blizzard.com/data/wow/title/190?namespace=static-8.3.0_32861-us',
        },
        'name': 'Firelord',
      },
      <class 'dict'> {
        'id': 191,
        'key': <class 'dict'> {
          'href': 'https://us.api.blizzard.com/data/wow/title/191?namespace=static-8.3.0_32861-us',
        },
        'name': 'Vicious Gladiator',
      },
      <class 'dict'> {
        'id': 192,
        'key': <class 'dict'> {
          'href': 'https://us.api.blizzard.com/data/wow/title/192?namespace=static-8.3.0_32861-us',
        },
        'name': 'Ruthless Gladiator',
      },
      <class 'dict'> {
        'id': 193,
        'key': <class 'dict'> {
          'href': 'https://us.api.blizzard.com/data/wow/title/193?namespace=static-8.3.0_32861-us',
        },
        'name': 'Cataclysmic Gladiator',
      },
      <class 'dict'> {
        'id': 194,
        'key': <class 'dict'> {
          'href': 'https://us.api.blizzard.com/data/wow/title/194?namespace=static-8.3.0_32861-us',
        },
        'name': 'Savior of Azeroth',
      },
      <class 'dict'> {
        'id': 196,
        'key': <class 'dict'> {
          'href': 'https://us.api.blizzard.com/data/wow/title/196?namespace=static-8.3.0_32861-us',
        },
        'name': "Destroyer's End",
      },
      <class 'dict'> {
        'id': 195,
        'key': <class 'dict'> {
          'href': 'https://us.api.blizzard.com/data/wow/title/195?namespace=static-8.3.0_32861-us',
        },
        'name': 'Farmer',
      },
      <class 'dict'> {
        'id': 197,
        'key': <class 'dict'> {
          'href': 'https://us.api.blizzard.com/data/wow/title/197?namespace=static-8.3.0_32861-us',
        },
        'name': 'the Beloved',
      },
      <class 'dict'> {
        'id': 198,
        'key': <class 'dict'> {
          'href': 'https://us.api.blizzard.com/data/wow/title/198?namespace=static-8.3.0_32861-us',
        },
        'name': 'the Fearless',
      },
      <class 'dict'> {
        'id': 199,
        'key': <class 'dict'> {
          'href': 'https://us.api.blizzard.com/data/wow/title/199?namespace=static-8.3.0_32861-us',
        },
        'name': 'Zookeeper',
      },
      <class 'dict'> {
        'id': 200,
        'key': <class 'dict'> {
          'href': 'https://us.api.blizzard.com/data/wow/title/200?namespace=static-8.3.0_32861-us',
        },
        'name': 'the Relic Hunter',
      },
      <class 'dict'> {
        'id': 201,
        'key': <class 'dict'> {
          'href': 'https://us.api.blizzard.com/data/wow/title/201?namespace=static-8.3.0_32861-us',
        },
        'name': 'the Undaunted',
      },
      <class 'dict'> {
        'id': 202,
        'key': <class 'dict'> {
          'href': 'https://us.api.blizzard.com/data/wow/title/202?namespace=static-8.3.0_32861-us',
        },
        'name': 'Master of the Ways',
      },
      <class 'dict'> {
        'id': 203,
        'key': <class 'dict'> {
          'href': 'https://us.api.blizzard.com/data/wow/title/203?namespace=static-8.3.0_32861-us',
        },
        'name': 'the Tranquil Master',
      },
      <class 'dict'> {
        'id': 204,
        'key': <class 'dict'> {
          'href': 'https://us.api.blizzard.com/data/wow/title/204?namespace=static-8.3.0_32861-us',
        },
        'name': 'Delver of the Vaults',
      },
      <class 'dict'> {
        'id': 205,
        'key': <class 'dict'> {
          'href': 'https://us.api.blizzard.com/data/wow/title/205?namespace=static-8.3.0_32861-us',
        },
        'name': 'Shado-Master',
      },
      <class 'dict'> {
        'id': 206,
        'key': <class 'dict'> {
          'href': 'https://us.api.blizzard.com/data/wow/title/206?namespace=static-8.3.0_32861-us',
        },
        'name': 'the Scenaturdist',
      },
      <class 'dict'> {
        'id': 207,
        'key': <class 'dict'> {
          'href': 'https://us.api.blizzard.com/data/wow/title/207?namespace=static-8.3.0_32861-us',
        },
        'name': 'Tamer',
      },
      <class 'dict'> {
        'id': 208,
        'key': <class 'dict'> {
          'href': 'https://us.api.blizzard.com/data/wow/title/208?namespace=static-8.3.0_32861-us',
        },
        'name': 'Seeker of Knowledge',
      },
      <class 'dict'> {
        'id': 209,
        'key': <class 'dict'> {
          'href': 'https://us.api.blizzard.com/data/wow/title/209?namespace=static-8.3.0_32861-us',
        },
        'name': 'Brawler',
      },
      <class 'dict'> {
        'id': 218,
        'key': <class 'dict'> {
          'href': 'https://us.api.blizzard.com/data/wow/title/218?namespace=static-8.3.0_32861-us',
        },
        'name': 'the Wakener',
      },
      <class 'dict'> {
        'id': 220,
        'key': <class 'dict'> {
          'href': 'https://us.api.blizzard.com/data/wow/title/220?namespace=static-8.3.0_32861-us',
        },
        'name': 'Khan',
      },
      <class 'dict'> {
        'id': 221,
        'key': <class 'dict'> {
          'href': 'https://us.api.blizzard.com/data/wow/title/221?namespace=static-8.3.0_32861-us',
        },
        'name': 'the Stormbreaker',
      },
      <class 'dict'> {
        'id': 222,
        'key': <class 'dict'> {
          'href': 'https://us.api.blizzard.com/data/wow/title/222?namespace=static-8.3.0_32861-us',
        },
        'name': "Storm's End",
      },
      <class 'dict'> {
        'id': 223,
        'key': <class 'dict'> {
          'href': 'https://us.api.blizzard.com/data/wow/title/223?namespace=static-8.3.0_32861-us',
        },
        'name': 'Malevolent Gladiator',
      },
      <class 'dict'> {
        'id': 224,
        'key': <class 'dict'> {
          'href': 'https://us.api.blizzard.com/data/wow/title/224?namespace=static-8.3.0_32861-us',
        },
        'name': 'Gob Squad Recruit',
      },
      <class 'dict'> {
        'id': 226,
        'key': <class 'dict'> {
          'href': 'https://us.api.blizzard.com/data/wow/title/226?namespace=static-8.3.0_32861-us',
        },
        'name': 'Gob Squad Commando',
      },
      <class 'dict'> {
        'id': 227,
        'key': <class 'dict'> {
          'href': 'https://us.api.blizzard.com/data/wow/title/227?namespace=static-8.3.0_32861-us',
        },
        'name': 'Trainer',
      },
      <class 'dict'> {
        'id': 228,
        'key': <class 'dict'> {
          'href': 'https://us.api.blizzard.com/data/wow/title/228?namespace=static-8.3.0_32861-us',
        },
        'name': 'Darkspear Revolutionary',
      },
      <class 'dict'> {
        'id': 229,
        'key': <class 'dict'> {
          'href': 'https://us.api.blizzard.com/data/wow/title/229?namespace=static-8.3.0_32861-us',
        },
        'name': 'Gorgeous',
      },
      <class 'dict'> {
        'id': 230,
        'key': <class 'dict'> {
          'href': 'https://us.api.blizzard.com/data/wow/title/230?namespace=static-8.3.0_32861-us',
        },
        'name': 'the Hordebreaker',
      },
      <class 'dict'> {
        'id': 231,
        'key': <class 'dict'> {
          'href': 'https://us.api.blizzard.com/data/wow/title/231?namespace=static-8.3.0_32861-us',
        },
        'name': 'the Poisoned Mind',
      },
      <class 'dict'> {
        'id': 232,
        'key': <class 'dict'> {
          'href': 'https://us.api.blizzard.com/data/wow/title/232?namespace=static-8.3.0_32861-us',
        },
        'name': 'the Bloodseeker',
      },
      <class 'dict'> {
        'id': 233,
        'key': <class 'dict'> {
          'href': 'https://us.api.blizzard.com/data/wow/title/233?namespace=static-8.3.0_32861-us',
        },
        'name': 'the Locust',
      },
      <class 'dict'> {
        'id': 234,
        'key': <class 'dict'> {
          'href': 'https://us.api.blizzard.com/data/wow/title/234?namespace=static-8.3.0_32861-us',
        },
        'name': 'the Swarmkeeper',
      },
      <class 'dict'> {
        'id': 235,
        'key': <class 'dict'> {
          'href': 'https://us.api.blizzard.com/data/wow/title/235?namespace=static-8.3.0_32861-us',
        },
        'name': 'the Prime',
      },
      <class 'dict'> {
        'id': 236,
        'key': <class 'dict'> {
          'href': 'https://us.api.blizzard.com/data/wow/title/236?namespace=static-8.3.0_32861-us',
        },
        'name': 'the Manipulator',
      },
      <class 'dict'> {
        'id': 237,
        'key': <class 'dict'> {
          'href': 'https://us.api.blizzard.com/data/wow/title/237?namespace=static-8.3.0_32861-us',
        },
        'name': 'the Dissector',
      },
      <class 'dict'> {
        'id': 238,
        'key': <class 'dict'> {
          'href': 'https://us.api.blizzard.com/data/wow/title/238?namespace=static-8.3.0_32861-us',
        },
        'name': 'the Lucid',
      },
      <class 'dict'> {
        'id': 239,
        'key': <class 'dict'> {
          'href': 'https://us.api.blizzard.com/data/wow/title/239?namespace=static-8.3.0_32861-us',
        },
        'name': 'the Wind-Reaver',
      },
      <class 'dict'> {
        'id': 240,
        'key': <class 'dict'> {
          'href': 'https://us.api.blizzard.com/data/wow/title/240?namespace=static-8.3.0_32861-us',
        },
        'name': 'the Crazy Cat Lady',
      },
      <class 'dict'> {
        'id': 241,
        'key': <class 'dict'> {
          'href': 'https://us.api.blizzard.com/data/wow/title/241?namespace=static-8.3.0_32861-us',
        },
        'name': 'Defender of the Wall',
      },
      <class 'dict'> {
        'id': 242,
        'key': <class 'dict'> {
          'href': 'https://us.api.blizzard.com/data/wow/title/242?namespace=static-8.3.0_32861-us',
        },
        'name': 'Mogu-Slayer',
      },
      <class 'dict'> {
        'id': 243,
        'key': <class 'dict'> {
          'href': 'https://us.api.blizzard.com/data/wow/title/243?namespace=static-8.3.0_32861-us',
        },
        'name': 'Flameweaver',
      },
      <class 'dict'> {
        'id': 244,
        'key': <class 'dict'> {
          'href': 'https://us.api.blizzard.com/data/wow/title/244?namespace=static-8.3.0_32861-us',
        },
        'name': 'Scarlet Commander',
      },
      <class 'dict'> {
        'id': 245,
        'key': <class 'dict'> {
          'href': 'https://us.api.blizzard.com/data/wow/title/245?namespace=static-8.3.0_32861-us',
        },
        'name': 'Darkmaster',
      },
      <class 'dict'> {
        'id': 246,
        'key': <class 'dict'> {
          'href': 'https://us.api.blizzard.com/data/wow/title/246?namespace=static-8.3.0_32861-us',
        },
        'name': 'Purified Defender',
      },
      <class 'dict'> {
        'id': 247,
        'key': <class 'dict'> {
          'href': 'https://us.api.blizzard.com/data/wow/title/247?namespace=static-8.3.0_32861-us',
        },
        'name': 'Siegebreaker',
      },
      <class 'dict'> {
        'id': 248,
        'key': <class 'dict'> {
          'href': 'https://us.api.blizzard.com/data/wow/title/248?namespace=static-8.3.0_32861-us',
        },
        'name': 'Stormbrewer',
      },
      <class 'dict'> {
        'id': 249,
        'key': <class 'dict'> {
          'href': 'https://us.api.blizzard.com/data/wow/title/249?namespace=static-8.3.0_32861-us',
        },
        'name': 'Jade Protector',
      },
      <class 'dict'> {
        'id': 252,
        'key': <class 'dict'> {
          'href': 'https://us.api.blizzard.com/data/wow/title/252?namespace=static-8.3.0_32861-us',
        },
        'name': 'the Crazy Cat Man',
      },
      <class 'dict'> {
        'id': 253,
        'key': <class 'dict'> {
          'href': 'https://us.api.blizzard.com/data/wow/title/253?namespace=static-8.3.0_32861-us',
        },
        'name': 'Grievous Gladiator',
      },
      <class 'dict'> {
        'id': 254,
        'key': <class 'dict'> {
          'href': 'https://us.api.blizzard.com/data/wow/title/254?namespace=static-8.3.0_32861-us',
        },
        'name': 'Prideful Gladiator',
      },
      <class 'dict'> {
        'id': 211,
        'key': <class 'dict'> {
          'href': 'https://us.api.blizzard.com/data/wow/title/211?namespace=static-8.3.0_32861-us',
        },
        'name': 'Conqueror of Orgrimmar',
      },
      <class 'dict'> {
        'id': 212,
        'key': <class 'dict'> {
          'href': 'https://us.api.blizzard.com/data/wow/title/212?namespace=static-8.3.0_32861-us',
        },
        'name': 'Liberator of Orgrimmar',
      },
      <class 'dict'> {
        'id': 214,
        'key': <class 'dict'> {
          'href': 'https://us.api.blizzard.com/data/wow/title/214?namespace=static-8.3.0_32861-us',
        },
        'name': "Hellscream's Downfall",
      },
      <class 'dict'> {
        'id': 215,
        'key': <class 'dict'> {
          'href': 'https://us.api.blizzard.com/data/wow/title/215?namespace=static-8.3.0_32861-us',
        },
        'name': 'the Proven Assailant',
      },
      <class 'dict'> {
        'id': 216,
        'key': <class 'dict'> {
          'href': 'https://us.api.blizzard.com/data/wow/title/216?namespace=static-8.3.0_32861-us',
        },
        'name': 'the Proven Defender',
      },
      <class 'dict'> {
        'id': 219,
        'key': <class 'dict'> {
          'href': 'https://us.api.blizzard.com/data/wow/title/219?namespace=static-8.3.0_32861-us',
        },
        'name': 'the Proven Healer',
      },
      <class 'dict'> {
        'id': 225,
        'key': <class 'dict'> {
          'href': 'https://us.api.blizzard.com/data/wow/title/225?namespace=static-8.3.0_32861-us',
        },
        'name': 'Tyrannical Gladiator',
      },
      <class 'dict'> {
        'id': 251,
        'key': <class 'dict'> {
          'href': 'https://us.api.blizzard.com/data/wow/title/251?namespace=static-8.3.0_32861-us',
        },
        'name': 'Fire-Watcher',
      },
      <class 'dict'> {
        'id': 255,
        'key': <class 'dict'> {
          'href': 'https://us.api.blizzard.com/data/wow/title/255?namespace=static-8.3.0_32861-us',
        },
        'name': 'Mistwalker',
      },
      <class 'dict'> {
        'id': 256,
        'key': <class 'dict'> {
          'href': 'https://us.api.blizzard.com/data/wow/title/256?namespace=static-8.3.0_32861-us',
        },
        'name': 'of the Black Harvest',
      },
      <class 'dict'> {
        'id': 257,
        'key': <class 'dict'> {
          'href': 'https://us.api.blizzard.com/data/wow/title/257?namespace=static-8.3.0_32861-us',
        },
        'name': 'Lumberjack',
      },
      <class 'dict'> {
        'id': 258,
        'key': <class 'dict'> {
          'href': 'https://us.api.blizzard.com/data/wow/title/258?namespace=static-8.3.0_32861-us',
        },
        'name': 'Timber Lord',
      },
      <class 'dict'> {
        'id': 259,
        'key': <class 'dict'> {
          'href': 'https://us.api.blizzard.com/data/wow/title/259?namespace=static-8.3.0_32861-us',
        },
        'name': 'the Commandojack',
      },
      <class 'dict'> {
        'id': 260,
        'key': <class 'dict'> {
          'href': 'https://us.api.blizzard.com/data/wow/title/260?namespace=static-8.3.0_32861-us',
        },
        'name': 'Architect',
      },
      <class 'dict'> {
        'id': 261,
        'key': <class 'dict'> {
          'href': 'https://us.api.blizzard.com/data/wow/title/261?namespace=static-8.3.0_32861-us',
        },
        'name': 'Blood Champion',
      },
      <class 'dict'> {
        'id': 262,
        'key': <class 'dict'> {
          'href': 'https://us.api.blizzard.com/data/wow/title/262?namespace=static-8.3.0_32861-us',
        },
        'name': 'the Manslayer',
      },
      <class 'dict'> {
        'id': 263,
        'key': <class 'dict'> {
          'href': 'https://us.api.blizzard.com/data/wow/title/263?namespace=static-8.3.0_32861-us',
        },
        'name': 'Gnomebane',
      },
      <class 'dict'> {
        'id': 264,
        'key': <class 'dict'> {
          'href': 'https://us.api.blizzard.com/data/wow/title/264?namespace=static-8.3.0_32861-us',
        },
        'name': 'the Dwarfstalker',
      },
      <class 'dict'> {
        'id': 265,
        'key': <class 'dict'> {
          'href': 'https://us.api.blizzard.com/data/wow/title/265?namespace=static-8.3.0_32861-us',
        },
        'name': 'Worgen Hunter',
      },
      <class 'dict'> {
        'id': 266,
        'key': <class 'dict'> {
          'href': 'https://us.api.blizzard.com/data/wow/title/266?namespace=static-8.3.0_32861-us',
        },
        'name': 'Scourge of the Kaldorei',
      },
      <class 'dict'> {
        'id': 267,
        'key': <class 'dict'> {
          'href': 'https://us.api.blizzard.com/data/wow/title/267?namespace=static-8.3.0_32861-us',
        },
        'name': 'Draenei Destroyer',
      },
      <class 'dict'> {
        'id': 268,
        'key': <class 'dict'> {
          'href': 'https://us.api.blizzard.com/data/wow/title/268?namespace=static-8.3.0_32861-us',
        },
        'name': 'Terror of the Tushui',
      },
      <class 'dict'> {
        'id': 269,
        'key': <class 'dict'> {
          'href': 'https://us.api.blizzard.com/data/wow/title/269?namespace=static-8.3.0_32861-us',
        },
        'name': 'Warlord of Draenor',
      },
      <class 'dict'> {
        'id': 270,
        'key': <class 'dict'> {
          'href': 'https://us.api.blizzard.com/data/wow/title/270?namespace=static-8.3.0_32861-us',
        },
        'name': 'the Butcher',
      },
      <class 'dict'> {
        'id': 271,
        'key': <class 'dict'> {
          'href': 'https://us.api.blizzard.com/data/wow/title/271?namespace=static-8.3.0_32861-us',
        },
        'name': 'Orcslayer',
      },
      <class 'dict'> {
        'id': 272,
        'key': <class 'dict'> {
          'href': 'https://us.api.blizzard.com/data/wow/title/272?namespace=static-8.3.0_32861-us',
        },
        'name': 'the Death Stalker',
      },
      <class 'dict'> {
        'id': 273,
        'key': <class 'dict'> {
          'href': 'https://us.api.blizzard.com/data/wow/title/273?namespace=static-8.3.0_32861-us',
        },
        'name': 'Killer of Kezan',
      },
      <class 'dict'> {
        'id': 274,
        'key': <class 'dict'> {
          'href': 'https://us.api.blizzard.com/data/wow/title/274?namespace=static-8.3.0_32861-us',
        },
        'name': 'Troll Hunter',
      },
      <class 'dict'> {
        'id': 275,
        'key': <class 'dict'> {
          'href': 'https://us.api.blizzard.com/data/wow/title/275?namespace=static-8.3.0_32861-us',
        },
        'name': "Slayer of Sin'dorei",
      },
      <class 'dict'> {
        'id': 276,
        'key': <class 'dict'> {
          'href': 'https://us.api.blizzard.com/data/wow/title/276?namespace=static-8.3.0_32861-us',
        },
        'name': "Huojin's Fall",
      },
      <class 'dict'> {
        'id': 277,
        'key': <class 'dict'> {
          'href': 'https://us.api.blizzard.com/data/wow/title/277?namespace=static-8.3.0_32861-us',
        },
        'name': 'Stable Master',
      },
      <class 'dict'> {
        'id': 278,
        'key': <class 'dict'> {
          'href': 'https://us.api.blizzard.com/data/wow/title/278?namespace=static-8.3.0_32861-us',
        },
        'name': 'Talon King',
      },
      <class 'dict'> {
        'id': 279,
        'key': <class 'dict'> {
          'href': 'https://us.api.blizzard.com/data/wow/title/279?namespace=static-8.3.0_32861-us',
        },
        'name': 'Talon Queen',
      },
      <class 'dict'> {
        'id': 280,
        'key': <class 'dict'> {
          'href': 'https://us.api.blizzard.com/data/wow/title/280?namespace=static-8.3.0_32861-us',
        },
        'name': 'Tarren Mill Terror',
      },
      <class 'dict'> {
        'id': 281,
        'key': <class 'dict'> {
          'href': 'https://us.api.blizzard.com/data/wow/title/281?namespace=static-8.3.0_32861-us',
        },
        'name': 'Southshore Slayer',
      },
      <class 'dict'> {
        'id': 282,
        'key': <class 'dict'> {
          'href': 'https://us.api.blizzard.com/data/wow/title/282?namespace=static-8.3.0_32861-us',
        },
        'name': 'of the Frostwolves',
      },
      <class 'dict'> {
        'id': 283,
        'key': <class 'dict'> {
          'href': 'https://us.api.blizzard.com/data/wow/title/283?namespace=static-8.3.0_32861-us',
        },
        'name': 'Prelate',
      },
      <class 'dict'> {
        'id': 284,
        'key': <class 'dict'> {
          'href': 'https://us.api.blizzard.com/data/wow/title/284?namespace=static-8.3.0_32861-us',
        },
        'name': '"Conservationist"',
      },
      <class 'dict'> {
        'id': 285,
        'key': <class 'dict'> {
          'href': 'https://us.api.blizzard.com/data/wow/title/285?namespace=static-8.3.0_32861-us',
        },
        'name': "Spear of Vol'jin",
      },
      <class 'dict'> {
        'id': 286,
        'key': <class 'dict'> {
          'href': 'https://us.api.blizzard.com/data/wow/title/286?namespace=static-8.3.0_32861-us',
        },
        'name': 'Sword of Wrynn',
      },
      <class 'dict'> {
        'id': 287,
        'key': <class 'dict'> {
          'href': 'https://us.api.blizzard.com/data/wow/title/287?namespace=static-8.3.0_32861-us',
        },
        'name': 'Masked Chuckler',
      },
      <class 'dict'> {
        'id': 288,
        'key': <class 'dict'> {
          'href': 'https://us.api.blizzard.com/data/wow/title/288?namespace=static-8.3.0_32861-us',
        },
        'name': 'Peacekeeper',
      },
      <class 'dict'> {
        'id': 289,
        'key': <class 'dict'> {
          'href': 'https://us.api.blizzard.com/data/wow/title/289?namespace=static-8.3.0_32861-us',
        },
        'name': 'of the Iron Vanguard',
      },
      <class 'dict'> {
        'id': 290,
        'key': <class 'dict'> {
          'href': 'https://us.api.blizzard.com/data/wow/title/290?namespace=static-8.3.0_32861-us',
        },
        'name': 'the Indomitable',
      },
      <class 'dict'> {
        'id': 291,
        'key': <class 'dict'> {
          'href': 'https://us.api.blizzard.com/data/wow/title/291?namespace=static-8.3.0_32861-us',
        },
        'name': 'the Mine Master',
      },
      <class 'dict'> {
        'id': 292,
        'key': <class 'dict'> {
          'href': 'https://us.api.blizzard.com/data/wow/title/292?namespace=static-8.3.0_32861-us',
        },
        'name': 'Dockmaster',
      },
      <class 'dict'> {
        'id': 293,
        'key': <class 'dict'> {
          'href': 'https://us.api.blizzard.com/data/wow/title/293?namespace=static-8.3.0_32861-us',
        },
        'name': 'the Soul Preserver',
      },
      <class 'dict'> {
        'id': 294,
        'key': <class 'dict'> {
          'href': 'https://us.api.blizzard.com/data/wow/title/294?namespace=static-8.3.0_32861-us',
        },
        'name': 'Scion of Rukhmar',
      },
      <class 'dict'> {
        'id': 295,
        'key': <class 'dict'> {
          'href': 'https://us.api.blizzard.com/data/wow/title/295?namespace=static-8.3.0_32861-us',
        },
        'name': 'Spiritwalker',
      },
      <class 'dict'> {
        'id': 296,
        'key': <class 'dict'> {
          'href': 'https://us.api.blizzard.com/data/wow/title/296?namespace=static-8.3.0_32861-us',
        },
        'name': 'Lord of Blackrock',
      },
      <class 'dict'> {
        'id': 297,
        'key': <class 'dict'> {
          'href': 'https://us.api.blizzard.com/data/wow/title/297?namespace=static-8.3.0_32861-us',
        },
        'name': 'Lady of Blackrock',
      },
      <class 'dict'> {
        'id': 298,
        'key': <class 'dict'> {
          'href': 'https://us.api.blizzard.com/data/wow/title/298?namespace=static-8.3.0_32861-us',
        },
        'name': 'the Violet Guardian',
      },
      <class 'dict'> {
        'id': 299,
        'key': <class 'dict'> {
          'href': 'https://us.api.blizzard.com/data/wow/title/299?namespace=static-8.3.0_32861-us',
        },
        'name': 'the Grimrail Suplexer',
      },
      <class 'dict'> {
        'id': 300,
        'key': <class 'dict'> {
          'href': 'https://us.api.blizzard.com/data/wow/title/300?namespace=static-8.3.0_32861-us',
        },
        'name': 'the Savage Hero',
      },
      <class 'dict'> {
        'id': 301,
        'key': <class 'dict'> {
          'href': 'https://us.api.blizzard.com/data/wow/title/301?namespace=static-8.3.0_32861-us',
        },
        'name': 'Ironbane',
      },
      <class 'dict'> {
        'id': 302,
        'key': <class 'dict'> {
          'href': 'https://us.api.blizzard.com/data/wow/title/302?namespace=static-8.3.0_32861-us',
        },
        'name': 'Lord of War',
      },
      <class 'dict'> {
        'id': 303,
        'key': <class 'dict'> {
          'href': 'https://us.api.blizzard.com/data/wow/title/303?namespace=static-8.3.0_32861-us',
        },
        'name': 'Lady of War',
      },
      <class 'dict'> {
        'id': 304,
        'key': <class 'dict'> {
          'href': 'https://us.api.blizzard.com/data/wow/title/304?namespace=static-8.3.0_32861-us',
        },
        'name': "Empire's Twilight",
      },
      <class 'dict'> {
        'id': 305,
        'key': <class 'dict'> {
          'href': 'https://us.api.blizzard.com/data/wow/title/305?namespace=static-8.3.0_32861-us',
        },
        'name': 'Artisan',
      },
      <class 'dict'> {
        'id': 306,
        'key': <class 'dict'> {
          'href': 'https://us.api.blizzard.com/data/wow/title/306?namespace=static-8.3.0_32861-us',
        },
        'name': 'Legend of Pandaria',
      },
      <class 'dict'> {
        'id': 307,
        'key': <class 'dict'> {
          'href': 'https://us.api.blizzard.com/data/wow/title/307?namespace=static-8.3.0_32861-us',
        },
        'name': 'Field Photographer',
      },
      <class 'dict'> {
        'id': 308,
        'key': <class 'dict'> {
          'href': 'https://us.api.blizzard.com/data/wow/title/308?namespace=static-8.3.0_32861-us',
        },
        'name': 'Primal Gladiator',
      },
      <class 'dict'> {
        'id': 315,
        'key': <class 'dict'> {
          'href': 'https://us.api.blizzard.com/data/wow/title/315?namespace=static-8.3.0_32861-us',
        },
        'name': 'Wild Gladiator',
      },
      <class 'dict'> {
        'id': 316,
        'key': <class 'dict'> {
          'href': 'https://us.api.blizzard.com/data/wow/title/316?namespace=static-8.3.0_32861-us',
        },
        'name': 'Warmongering Gladiator',
      },
      <class 'dict'> {
        'id': 317,
        'key': <class 'dict'> {
          'href': 'https://us.api.blizzard.com/data/wow/title/317?namespace=static-8.3.0_32861-us',
        },
        'name': 'Captain',
      },
      <class 'dict'> {
        'id': 318,
        'key': <class 'dict'> {
          'href': 'https://us.api.blizzard.com/data/wow/title/318?namespace=static-8.3.0_32861-us',
        },
        'name': 'of the Jungle',
      },
      <class 'dict'> {
        'id': 319,
        'key': <class 'dict'> {
          'href': 'https://us.api.blizzard.com/data/wow/title/319?namespace=static-8.3.0_32861-us',
        },
        'name': "Defiler's End",
      },
      <class 'dict'> {
        'id': 344,
        'key': <class 'dict'> {
          'href': 'https://us.api.blizzard.com/data/wow/title/344?namespace=static-8.3.0_32861-us',
        },
        'name': 'Illidari',
      },
      <class 'dict'> {
        'id': 345,
        'key': <class 'dict'> {
          'href': 'https://us.api.blizzard.com/data/wow/title/345?namespace=static-8.3.0_32861-us',
        },
        'name': 'Highlord',
      },
      <class 'dict'> {
        'id': 320,
        'key': <class 'dict'> {
          'href': 'https://us.api.blizzard.com/data/wow/title/320?namespace=static-8.3.0_32861-us',
        },
        'name': 'Slayer',
      },
      <class 'dict'> {
        'id': 321,
        'key': <class 'dict'> {
          'href': 'https://us.api.blizzard.com/data/wow/title/321?namespace=static-8.3.0_32861-us',
        },
        'name': 'The Honorable',
      },
      <class 'dict'> {
        'id': 322,
        'key': <class 'dict'> {
          'href': 'https://us.api.blizzard.com/data/wow/title/322?namespace=static-8.3.0_32861-us',
        },
        'name': 'The Prestigious',
      },
      <class 'dict'> {
        'id': 323,
        'key': <class 'dict'> {
          'href': 'https://us.api.blizzard.com/data/wow/title/323?namespace=static-8.3.0_32861-us',
        },
        'name': 'The Unrelenting',
      },
      <class 'dict'> {
        'id': 325,
        'key': <class 'dict'> {
          'href': 'https://us.api.blizzard.com/data/wow/title/325?namespace=static-8.3.0_32861-us',
        },
        'name': 'Bound by Honor',
      },
      <class 'dict'> {
        'id': 326,
        'key': <class 'dict'> {
          'href': 'https://us.api.blizzard.com/data/wow/title/326?namespace=static-8.3.0_32861-us',
        },
        'name': 'Patron of War',
      },
      <class 'dict'> {
        'id': 327,
        'key': <class 'dict'> {
          'href': 'https://us.api.blizzard.com/data/wow/title/327?namespace=static-8.3.0_32861-us',
        },
        'name': 'Archdruid',
      },
      <class 'dict'> {
        'id': 328,
        'key': <class 'dict'> {
          'href': 'https://us.api.blizzard.com/data/wow/title/328?namespace=static-8.3.0_32861-us',
        },
        'name': 'Deathlord',
      },
      <class 'dict'> {
        'id': 329,
        'key': <class 'dict'> {
          'href': 'https://us.api.blizzard.com/data/wow/title/329?namespace=static-8.3.0_32861-us',
        },
        'name': 'Grandmaster',
      },
      <class 'dict'> {
        'id': 330,
        'key': <class 'dict'> {
          'href': 'https://us.api.blizzard.com/data/wow/title/330?namespace=static-8.3.0_32861-us',
        },
        'name': 'Master Assassin',
      },
      <class 'dict'> {
        'id': 331,
        'key': <class 'dict'> {
          'href': 'https://us.api.blizzard.com/data/wow/title/331?namespace=static-8.3.0_32861-us',
        },
        'name': 'Lord of the Reins',
      },
      <class 'dict'> {
        'id': 332,
        'key': <class 'dict'> {
          'href': 'https://us.api.blizzard.com/data/wow/title/332?namespace=static-8.3.0_32861-us',
        },
        'name': "Guardian of G'Hanir",
      },
      <class 'dict'> {
        'id': 333,
        'key': <class 'dict'> {
          'href': 'https://us.api.blizzard.com/data/wow/title/333?namespace=static-8.3.0_32861-us',
        },
        'name': 'the Groundbreaker',
      },
      <class 'dict'> {
        'id': 334,
        'key': <class 'dict'> {
          'href': 'https://us.api.blizzard.com/data/wow/title/334?namespace=static-8.3.0_32861-us',
        },
        'name': 'the Fabulous',
      },
      <class 'dict'> {
        'id': 335,
        'key': <class 'dict'> {
          'href': 'https://us.api.blizzard.com/data/wow/title/335?namespace=static-8.3.0_32861-us',
        },
        'name': 'Huntmaster',
      },
      <class 'dict'> {
        'id': 336,
        'key': <class 'dict'> {
          'href': 'https://us.api.blizzard.com/data/wow/title/336?namespace=static-8.3.0_32861-us',
        },
        'name': 'Farseer',
      },
      <class 'dict'> {
        'id': 337,
        'key': <class 'dict'> {
          'href': 'https://us.api.blizzard.com/data/wow/title/337?namespace=static-8.3.0_32861-us',
        },
        'name': 'Netherlord',
      },
      <class 'dict'> {
        'id': 338,
        'key': <class 'dict'> {
          'href': 'https://us.api.blizzard.com/data/wow/title/338?namespace=static-8.3.0_32861-us',
        },
        'name': 'Shadowblade',
      },
      <class 'dict'> {
        'id': 339,
        'key': <class 'dict'> {
          'href': 'https://us.api.blizzard.com/data/wow/title/339?namespace=static-8.3.0_32861-us',
        },
        'name': 'High Priest',
      },
      <class 'dict'> {
        'id': 340,
        'key': <class 'dict'> {
          'href': 'https://us.api.blizzard.com/data/wow/title/340?namespace=static-8.3.0_32861-us',
        },
        'name': 'Field Medic',
      },
      <class 'dict'> {
        'id': 341,
        'key': <class 'dict'> {
          'href': 'https://us.api.blizzard.com/data/wow/title/341?namespace=static-8.3.0_32861-us',
        },
        'name': 'the Dreamer',
      },
      <class 'dict'> {
        'id': 342,
        'key': <class 'dict'> {
          'href': 'https://us.api.blizzard.com/data/wow/title/342?namespace=static-8.3.0_32861-us',
        },
        'name': 'Vengeance Incarnate',
      },
      <class 'dict'> {
        'id': 343,
        'key': <class 'dict'> {
          'href': 'https://us.api.blizzard.com/data/wow/title/343?namespace=static-8.3.0_32861-us',
        },
        'name': 'the Gullible',
      },
      <class 'dict'> {
        'id': 346,
        'key': <class 'dict'> {
          'href': 'https://us.api.blizzard.com/data/wow/title/346?namespace=static-8.3.0_32861-us',
        },
        'name': "Talon's Vengeance",
      },
      <class 'dict'> {
        'id': 347,
        'key': <class 'dict'> {
          'href': 'https://us.api.blizzard.com/data/wow/title/347?namespace=static-8.3.0_32861-us',
        },
        'name': 'the Chosen',
      },
      <class 'dict'> {
        'id': 348,
        'key': <class 'dict'> {
          'href': 'https://us.api.blizzard.com/data/wow/title/348?namespace=static-8.3.0_32861-us',
        },
        'name': 'Headmaster',
      },
      <class 'dict'> {
        'id': 353,
        'key': <class 'dict'> {
          'href': 'https://us.api.blizzard.com/data/wow/title/353?namespace=static-8.3.0_32861-us',
        },
        'name': 'Vindictive Gladiator',
      },
      <class 'dict'> {
        'id': 354,
        'key': <class 'dict'> {
          'href': 'https://us.api.blizzard.com/data/wow/title/354?namespace=static-8.3.0_32861-us',
        },
        'name': 'the Unstoppable Force',
      },
      <class 'dict'> {
        'id': 355,
        'key': <class 'dict'> {
          'href': 'https://us.api.blizzard.com/data/wow/title/355?namespace=static-8.3.0_32861-us',
        },
        'name': 'Fearless Gladiator',
      },
      <class 'dict'> {
        'id': 356,
        'key': <class 'dict'> {
          'href': 'https://us.api.blizzard.com/data/wow/title/356?namespace=static-8.3.0_32861-us',
        },
        'name': 'Stylist',
      },
      <class 'dict'> {
        'id': 357,
        'key': <class 'dict'> {
          'href': 'https://us.api.blizzard.com/data/wow/title/357?namespace=static-8.3.0_32861-us',
        },
        'name': 'the Darkener',
      },
      <class 'dict'> {
        'id': 358,
        'key': <class 'dict'> {
          'href': 'https://us.api.blizzard.com/data/wow/title/358?namespace=static-8.3.0_32861-us',
        },
        'name': 'Adventuring Instructor',
      },
      <class 'dict'> {
        'id': 359,
        'key': <class 'dict'> {
          'href': 'https://us.api.blizzard.com/data/wow/title/359?namespace=static-8.3.0_32861-us',
        },
        'name': 'Cruel Gladiator',
      },
      <class 'dict'> {
        'id': 360,
        'key': <class 'dict'> {
          'href': 'https://us.api.blizzard.com/data/wow/title/360?namespace=static-8.3.0_32861-us',
        },
        'name': 'Ferocious Gladiator',
      },
      <class 'dict'> {
        'id': 361,
        'key': <class 'dict'> {
          'href': 'https://us.api.blizzard.com/data/wow/title/361?namespace=static-8.3.0_32861-us',
        },
        'name': 'Timelord',
      },
      <class 'dict'> {
        'id': 362,
        'key': <class 'dict'> {
          'href': 'https://us.api.blizzard.com/data/wow/title/362?namespace=static-8.3.0_32861-us',
        },
        'name': 'the Tomb Raider',
      },
      <class 'dict'> {
        'id': 363,
        'key': <class 'dict'> {
          'href': 'https://us.api.blizzard.com/data/wow/title/363?namespace=static-8.3.0_32861-us',
        },
        'name': 'Fierce Gladiator',
      },
      <class 'dict'> {
        'id': 364,
        'key': <class 'dict'> {
          'href': 'https://us.api.blizzard.com/data/wow/title/364?namespace=static-8.3.0_32861-us',
        },
        'name': 'Titanslayer',
      },
      <class 'dict'> {
        'id': 365,
        'key': <class 'dict'> {
          'href': 'https://us.api.blizzard.com/data/wow/title/365?namespace=static-8.3.0_32861-us',
        },
        'name': 'the Collector',
      },
      <class 'dict'> {
        'id': 366,
        'key': <class 'dict'> {
          'href': 'https://us.api.blizzard.com/data/wow/title/366?namespace=static-8.3.0_32861-us',
        },
        'name': 'the Lightbringer',
      },
      <class 'dict'> {
        'id': 367,
        'key': <class 'dict'> {
          'href': 'https://us.api.blizzard.com/data/wow/title/367?namespace=static-8.3.0_32861-us',
        },
        'name': 'Demonslayer',
      },
      <class 'dict'> {
        'id': 368,
        'key': <class 'dict'> {
          'href': 'https://us.api.blizzard.com/data/wow/title/368?namespace=static-8.3.0_32861-us',
        },
        'name': 'Dominant Gladiator',
      },
      <class 'dict'> {
        'id': 369,
        'key': <class 'dict'> {
          'href': 'https://us.api.blizzard.com/data/wow/title/369?namespace=static-8.3.0_32861-us',
        },
        'name': 'the Tactician',
      },
      <class 'dict'> {
        'id': 370,
        'key': <class 'dict'> {
          'href': 'https://us.api.blizzard.com/data/wow/title/370?namespace=static-8.3.0_32861-us',
        },
        'name': 'Demonic Gladiator',
      },
      <class 'dict'> {
        'id': 371,
        'key': <class 'dict'> {
          'href': 'https://us.api.blizzard.com/data/wow/title/371?namespace=static-8.3.0_32861-us',
        },
        'name': 'No Good, Dirty, Rotten, Candy Stealer!',
      },
      <class 'dict'> {
        'id': 372,
        'key': <class 'dict'> {
          'href': 'https://us.api.blizzard.com/data/wow/title/372?namespace=static-8.3.0_32861-us',
        },
        'name': 'Postmaster',
      },
      <class 'dict'> {
        'id': 373,
        'key': <class 'dict'> {
          'href': 'https://us.api.blizzard.com/data/wow/title/373?namespace=static-8.3.0_32861-us',
        },
        'name': 'Prospector',
      },
      <class 'dict'> {
        'id': 374,
        'key': <class 'dict'> {
          'href': 'https://us.api.blizzard.com/data/wow/title/374?namespace=static-8.3.0_32861-us',
        },
        'name': "Famed Slayer of G'huun",
      },
      <class 'dict'> {
        'id': 375,
        'key': <class 'dict'> {
          'href': 'https://us.api.blizzard.com/data/wow/title/375?namespace=static-8.3.0_32861-us',
        },
        'name': 'the Horde Slayer',
      },
      <class 'dict'> {
        'id': 376,
        'key': <class 'dict'> {
          'href': 'https://us.api.blizzard.com/data/wow/title/376?namespace=static-8.3.0_32861-us',
        },
        'name': 'the Alliance Slayer',
      },
      <class 'dict'> {
        'id': 377,
        'key': <class 'dict'> {
          'href': 'https://us.api.blizzard.com/data/wow/title/377?namespace=static-8.3.0_32861-us',
        },
        'name': 'Conqueror of Azeroth',
      },
      <class 'dict'> {
        'id': 378,
        'key': <class 'dict'> {
          'href': 'https://us.api.blizzard.com/data/wow/title/378?namespace=static-8.3.0_32861-us',
        },
        'name': 'Inquisitor',
      },
      <class 'dict'> {
        'id': 379,
        'key': <class 'dict'> {
          'href': 'https://us.api.blizzard.com/data/wow/title/379?namespace=static-8.3.0_32861-us',
        },
        'name': 'Esteemed',
      },
      <class 'dict'> {
        'id': 380,
        'key': <class 'dict'> {
          'href': 'https://us.api.blizzard.com/data/wow/title/380?namespace=static-8.3.0_32861-us',
        },
        'name': 'the Admired',
      },
      <class 'dict'> {
        'id': 381,
        'key': <class 'dict'> {
          'href': 'https://us.api.blizzard.com/data/wow/title/381?namespace=static-8.3.0_32861-us',
        },
        'name': 'the Purifier',
      },
      <class 'dict'> {
        'id': 382,
        'key': <class 'dict'> {
          'href': 'https://us.api.blizzard.com/data/wow/title/382?namespace=static-8.3.0_32861-us',
        },
        'name': 'Expedition Leader',
      },
      <class 'dict'> {
        'id': 383,
        'key': <class 'dict'> {
          'href': 'https://us.api.blizzard.com/data/wow/title/383?namespace=static-8.3.0_32861-us',
        },
        'name': 'Contender',
      },
      <class 'dict'> {
        'id': 384,
        'key': <class 'dict'> {
          'href': 'https://us.api.blizzard.com/data/wow/title/384?namespace=static-8.3.0_32861-us',
        },
        'name': "Famed Conqueror of Dazar'alor",
      },
      <class 'dict'> {
        'id': 385,
        'key': <class 'dict'> {
          'href': 'https://us.api.blizzard.com/data/wow/title/385?namespace=static-8.3.0_32861-us',
        },
        'name': "Famed Defender of Dazar'alor",
      },
      <class 'dict'> {
        'id': 386,
        'key': <class 'dict'> {
          'href': 'https://us.api.blizzard.com/data/wow/title/386?namespace=static-8.3.0_32861-us',
        },
        'name': "Hero of Dazar'alor",
      },
      <class 'dict'> {
        'id': 387,
        'key': <class 'dict'> {
          'href': 'https://us.api.blizzard.com/data/wow/title/387?namespace=static-8.3.0_32861-us',
        },
        'name': 'the Elite Death Knight',
      },
      <class 'dict'> {
        'id': 388,
        'key': <class 'dict'> {
          'href': 'https://us.api.blizzard.com/data/wow/title/388?namespace=static-8.3.0_32861-us',
        },
        'name': 'the Elite Demon Hunter',
      },
      <class 'dict'> {
        'id': 389,
        'key': <class 'dict'> {
          'href': 'https://us.api.blizzard.com/data/wow/title/389?namespace=static-8.3.0_32861-us',
        },
        'name': 'the Elite Druid',
      },
      <class 'dict'> {
        'id': 390,
        'key': <class 'dict'> {
          'href': 'https://us.api.blizzard.com/data/wow/title/390?namespace=static-8.3.0_32861-us',
        },
        'name': 'the Elite Hunter',
      },
      <class 'dict'> {
        'id': 391,
        'key': <class 'dict'> {
          'href': 'https://us.api.blizzard.com/data/wow/title/391?namespace=static-8.3.0_32861-us',
        },
        'name': 'the Elite Mage',
      },
      <class 'dict'> {
        'id': 392,
        'key': <class 'dict'> {
          'href': 'https://us.api.blizzard.com/data/wow/title/392?namespace=static-8.3.0_32861-us',
        },
        'name': 'the Elite Monk',
      },
      <class 'dict'> {
        'id': 393,
        'key': <class 'dict'> {
          'href': 'https://us.api.blizzard.com/data/wow/title/393?namespace=static-8.3.0_32861-us',
        },
        'name': 'the Elite Paladin',
      },
      <class 'dict'> {
        'id': 394,
        'key': <class 'dict'> {
          'href': 'https://us.api.blizzard.com/data/wow/title/394?namespace=static-8.3.0_32861-us',
        },
        'name': 'the Elite Priest',
      },
      <class 'dict'> {
        'id': 395,
        'key': <class 'dict'> {
          'href': 'https://us.api.blizzard.com/data/wow/title/395?namespace=static-8.3.0_32861-us',
        },
        'name': 'the Elite Rogue',
      },
      <class 'dict'> {
        'id': 396,
        'key': <class 'dict'> {
          'href': 'https://us.api.blizzard.com/data/wow/title/396?namespace=static-8.3.0_32861-us',
        },
        'name': 'the Elite Shaman',
      },
      <class 'dict'> {
        'id': 397,
        'key': <class 'dict'> {
          'href': 'https://us.api.blizzard.com/data/wow/title/397?namespace=static-8.3.0_32861-us',
        },
        'name': 'the Elite Warlock',
      },
      <class 'dict'> {
        'id': 398,
        'key': <class 'dict'> {
          'href': 'https://us.api.blizzard.com/data/wow/title/398?namespace=static-8.3.0_32861-us',
        },
        'name': 'the Elite Warrior',
      },
      <class 'dict'> {
        'id': 399,
        'key': <class 'dict'> {
          'href': 'https://us.api.blizzard.com/data/wow/title/399?namespace=static-8.3.0_32861-us',
        },
        'name': 'the T-Shirt Enthusiast',
      },
      <class 'dict'> {
        'id': 324,
        'key': <class 'dict'> {
          'href': 'https://us.api.blizzard.com/data/wow/title/324?namespace=static-8.3.0_32861-us',
        },
        'name': 'Trashmaster',
      },
      <class 'dict'> {
        'id': 400,
        'key': <class 'dict'> {
          'href': 'https://us.api.blizzard.com/data/wow/title/400?namespace=static-8.3.0_32861-us',
        },
        'name': 'Famed Slayer of the Harbinger',
      },
      <class 'dict'> {
        'id': 402,
        'key': <class 'dict'> {
          'href': 'https://us.api.blizzard.com/data/wow/title/402?namespace=static-8.3.0_32861-us',
        },
        'name': 'Notorious Gladiator',
      },
      <class 'dict'> {
        'id': 403,
        'key': <class 'dict'> {
          'href': 'https://us.api.blizzard.com/data/wow/title/403?namespace=static-8.3.0_32861-us',
        },
        'name': 'Junkyard',
      },
      <class 'dict'> {
        'id': 404,
        'key': <class 'dict'> {
          'href': 'https://us.api.blizzard.com/data/wow/title/404?namespace=static-8.3.0_32861-us',
        },
        'name': 'the Eternal',
      },
      <class 'dict'> {
        'id': 405,
        'key': <class 'dict'> {
          'href': 'https://us.api.blizzard.com/data/wow/title/405?namespace=static-8.3.0_32861-us',
        },
        'name': 'of the Deeps',
      },
      <class 'dict'> {
        'id': 406,
        'key': <class 'dict'> {
          'href': 'https://us.api.blizzard.com/data/wow/title/406?namespace=static-8.3.0_32861-us',
        },
        'name': 'Sparking',
      },
      <class 'dict'> {
        'id': 407,
        'key': <class 'dict'> {
          'href': 'https://us.api.blizzard.com/data/wow/title/407?namespace=static-8.3.0_32861-us',
        },
        'name': "Azeroth's Champion",
      },
      <class 'dict'> {
        'id': 409,
        'key': <class 'dict'> {
          'href': 'https://us.api.blizzard.com/data/wow/title/409?namespace=static-8.3.0_32861-us',
        },
        'name': 'Famed Slayer of Azshara',
      },
      <class 'dict'> {
        'id': 410,
        'key': <class 'dict'> {
          'href': 'https://us.api.blizzard.com/data/wow/title/410?namespace=static-8.3.0_32861-us',
        },
        'name': 'Renowned Explorer',
      },
      <class 'dict'> {
        'id': 412,
        'key': <class 'dict'> {
          'href': 'https://us.api.blizzard.com/data/wow/title/412?namespace=static-8.3.0_32861-us',
        },
        'name': 'Veteran of the Fourth War',
      },
      <class 'dict'> {
        'id': 411,
        'key': <class 'dict'> {
          'href': 'https://us.api.blizzard.com/data/wow/title/411?namespace=static-8.3.0_32861-us',
        },
        'name': 'Corrupted Gladiator',
      },
      <class 'dict'> {
        'id': 414,
        'key': <class 'dict'> {
          'href': 'https://us.api.blizzard.com/data/wow/title/414?namespace=static-8.3.0_32861-us',
        },
        'name': "Servant of N'Zoth",
      },
      <class 'dict'> {
        'id': 415,
        'key': <class 'dict'> {
          'href': 'https://us.api.blizzard.com/data/wow/title/415?namespace=static-8.3.0_32861-us',
        },
        'name': 'Minion of Mayhem',
      },
      <class 'dict'> {
        'id': 416,
        'key': <class 'dict'> {
          'href': 'https://us.api.blizzard.com/data/wow/title/416?namespace=static-8.3.0_32861-us',
        },
        'name': "Famed Slayer of N'Zoth",
      },
      <class 'dict'> {
        'id': 417,
        'key': <class 'dict'> {
          'href': 'https://us.api.blizzard.com/data/wow/title/417?namespace=static-8.3.0_32861-us',
        },
        'name': 'the Uncorrupted',
      },
      <class 'dict'> {
        'id': 418,
        'key': <class 'dict'> {
          'href': 'https://us.api.blizzard.com/data/wow/title/418?namespace=static-8.3.0_32861-us',
        },
        'name': 'the Awakened',
      },
      <class 'dict'> {
        'id': 419,
        'key': <class 'dict'> {
          'href': 'https://us.api.blizzard.com/data/wow/title/419?namespace=static-8.3.0_32861-us',
        },
        'name': 'the Faceless One',
      },
    ],
  }
---
